Archive member included to satisfy reference by file (symbol)

/home/rui/Projects/6Lowpan-testbed/samr21-test/bin/samr21-xpro/core.a(sched.o)
                              /home/rui/Projects/6Lowpan-testbed/samr21-test/bin/samr21-xpro/newlib_syscalls_default/syscalls.o (sched_active_pid)
/home/rui/Projects/6Lowpan-testbed/samr21-test/bin/samr21-xpro/core.a(bitarithm.o)
                              /home/rui/Projects/6Lowpan-testbed/samr21-test/bin/samr21-xpro/core.a(sched.o) (bitarithm_lsb)
/home/rui/Projects/6Lowpan-testbed/samr21-test/bin/samr21-xpro/cortexm_common.a(thread_arch.o)
                              /home/rui/Projects/6Lowpan-testbed/samr21-test/bin/samr21-xpro/core.a(sched.o) (thread_arch_start_threading)
/home/rui/Projects/6Lowpan-testbed/samr21-test/bin/samr21-xpro/cortexm_common.a(reboot_arch.o)
                              /home/rui/Projects/6Lowpan-testbed/samr21-test/bin/samr21-xpro/newlib_syscalls_default/syscalls.o (reboot)
/home/rui/Projects/6Lowpan-testbed/samr21-test/bin/samr21-xpro/cortexm_common.a(irq_arch.o)
                              /home/rui/Projects/6Lowpan-testbed/samr21-test/bin/samr21-xpro/newlib_syscalls_default/syscalls.o (irq_arch_disable)
/home/rui/Projects/6Lowpan-testbed/samr21-test/bin/samr21-xpro/cortexm_common.a(vectors_cortexm.o)
                              /home/rui/Projects/6Lowpan-testbed/samr21-test/bin/samr21-xpro/cpu/vectors.o (reset_handler_default)
/home/rui/Projects/6Lowpan-testbed/samr21-test/bin/samr21-xpro/uart_stdio.a(uart_stdio.o)
                              /home/rui/Projects/6Lowpan-testbed/samr21-test/bin/samr21-xpro/newlib_syscalls_default/syscalls.o (uart_stdio_init)
/home/rui/Projects/6Lowpan-testbed/samr21-test/bin/samr21-xpro/board.a(board.o)
                              /home/rui/Projects/6Lowpan-testbed/samr21-test/bin/samr21-xpro/cortexm_common.a(vectors_cortexm.o) (board_init)
/home/rui/Projects/6Lowpan-testbed/samr21-test/bin/samr21-xpro/core.a(panic.o)
                              /home/rui/Projects/6Lowpan-testbed/samr21-test/bin/samr21-xpro/cortexm_common.a(vectors_cortexm.o) (core_panic)
/home/rui/Projects/6Lowpan-testbed/samr21-test/bin/samr21-xpro/core.a(mutex.o)
                              /home/rui/Projects/6Lowpan-testbed/samr21-test/bin/samr21-xpro/uart_stdio.a(uart_stdio.o) (_mutex_lock)
/home/rui/Projects/6Lowpan-testbed/samr21-test/bin/samr21-xpro/core.a(kernel_init.o)
                              /home/rui/Projects/6Lowpan-testbed/samr21-test/bin/samr21-xpro/cortexm_common.a(vectors_cortexm.o) (kernel_init)
/home/rui/Projects/6Lowpan-testbed/samr21-test/bin/samr21-xpro/core.a(thread.o)
                              /home/rui/Projects/6Lowpan-testbed/samr21-test/bin/samr21-xpro/core.a(mutex.o) (thread_add_to_list)
/home/rui/Projects/6Lowpan-testbed/samr21-test/bin/samr21-xpro/cortexm_common.a(panic.o)
                              /home/rui/Projects/6Lowpan-testbed/samr21-test/bin/samr21-xpro/core.a(panic.o) (panic_arch)
/home/rui/Projects/6Lowpan-testbed/samr21-test/bin/samr21-xpro/cpu.a(cpu.o)
                              /home/rui/Projects/6Lowpan-testbed/samr21-test/bin/samr21-xpro/board.a(board.o) (cpu_init)
/home/rui/Projects/6Lowpan-testbed/samr21-test/bin/samr21-xpro/cpu.a(lpm_arch.o)
                              /home/rui/Projects/6Lowpan-testbed/samr21-test/bin/samr21-xpro/core.a(kernel_init.o) (lpm_arch_set)
/home/rui/Projects/6Lowpan-testbed/samr21-test/bin/samr21-xpro/periph.a(uart.o)
                              /home/rui/Projects/6Lowpan-testbed/samr21-test/bin/samr21-xpro/uart_stdio.a(uart_stdio.o) (uart_write)
/home/rui/Projects/6Lowpan-testbed/samr21-test/bin/samr21-xpro/periph.a(gpio.o)
                              /home/rui/Projects/6Lowpan-testbed/samr21-test/bin/samr21-xpro/periph.a(uart.o) (gpio_init_mux)
/home/rui/Projects/6Lowpan-testbed/samr21-test/bin/samr21-xpro/tsrb.a(tsrb.o)
                              /home/rui/Projects/6Lowpan-testbed/samr21-test/bin/samr21-xpro/uart_stdio.a(uart_stdio.o) (tsrb_get)
/home/rui/Projects/6Lowpan-testbed/samr21-test/bin/samr21-xpro/hello-world.a(main.o)
                              /home/rui/Projects/6Lowpan-testbed/samr21-test/bin/samr21-xpro/core.a(kernel_init.o) (main)
/home/rui/Projects/6Lowpan-testbed/samr21-test/bin/samr21-xpro/auto_init.a(auto_init.o)
                              /home/rui/Projects/6Lowpan-testbed/samr21-test/bin/samr21-xpro/core.a(kernel_init.o) (auto_init)
/home/rui/Projects/6Lowpan-testbed/samr21-test/bin/samr21-xpro/cortexm_common.a(cortexm_init.o)
                              /home/rui/Projects/6Lowpan-testbed/samr21-test/bin/samr21-xpro/cpu.a(cpu.o) (cortexm_init)
/usr/bin/../lib/gcc/arm-none-eabi/5.4.1/armv6-m/libgcc.a(_udivsi3.o)
                              /home/rui/Projects/6Lowpan-testbed/samr21-test/bin/samr21-xpro/periph.a(uart.o) (__aeabi_uidiv)
/usr/bin/../lib/gcc/arm-none-eabi/5.4.1/armv6-m/libgcc.a(_dvmd_tls.o)
[...]
Memory Configuration

Name             Origin             Length             Attributes
rom              0x0000000000000000 0x0000000000040000 xr
ram              0x0000000020000000 0x0000000000008000 xrw
*default*        0x0000000000000000 0xffffffffffffffff

Linker script and memory map

LOAD /home/rui/Projects/6Lowpan-testbed/samr21-test/bin/samr21-xpro/newlib_syscalls_default/syscalls.o
LOAD /home/rui/Projects/6Lowpan-testbed/samr21-test/bin/samr21-xpro/cpu/vectors.o
START GROUP
LOAD /home/rui/Projects/6Lowpan-testbed/samr21-test/bin/samr21-xpro/hello-world.a
LOAD /home/rui/Projects/6Lowpan-testbed/samr21-test/bin/samr21-xpro/auto_init.a
LOAD /home/rui/Projects/6Lowpan-testbed/samr21-test/bin/samr21-xpro/board.a
LOAD /home/rui/Projects/6Lowpan-testbed/samr21-test/bin/samr21-xpro/core.a
LOAD /home/rui/Projects/6Lowpan-testbed/samr21-test/bin/samr21-xpro/cortexm_common.a
LOAD /home/rui/Projects/6Lowpan-testbed/samr21-test/bin/samr21-xpro/cpu.a
LOAD /home/rui/Projects/6Lowpan-testbed/samr21-test/bin/samr21-xpro/newlib_syscalls_default.a
LOAD /home/rui/Projects/6Lowpan-testbed/samr21-test/bin/samr21-xpro/periph.a
LOAD /home/rui/Projects/6Lowpan-testbed/samr21-test/bin/samr21-xpro/periph_common.a
LOAD /home/rui/Projects/6Lowpan-testbed/samr21-test/bin/samr21-xpro/sam21_common_periph.a
LOAD /home/rui/Projects/6Lowpan-testbed/samr21-test/bin/samr21-xpro/sys.a
LOAD /home/rui/Projects/6Lowpan-testbed/samr21-test/bin/samr21-xpro/tsrb.a
LOAD /home/rui/Projects/6Lowpan-testbed/samr21-test/bin/samr21-xpro/uart_stdio.a
LOAD /usr/bin/../lib/gcc/arm-none-eabi/5.4.1/../../../../arm-none-eabi/lib/armv6-m/libm.a
END GROUP
LOAD /usr/bin/../lib/gcc/arm-none-eabi/5.4.1/armv6-m/libgcc.a
LOAD /usr/bin/../lib/gcc/arm-none-eabi/5.4.1/../../../../arm-none-eabi/lib/armv6-m/libc_nano.a
LOAD /usr/bin/../lib/gcc/arm-none-eabi/5.4.1/../../../../arm-none-eabi/lib/armv6-m/libnosys.a
START GROUP
LOAD /usr/bin/../lib/gcc/arm-none-eabi/5.4.1/armv6-m/libgcc.a
LOAD /usr/bin/../lib/gcc/arm-none-eabi/5.4.1/../../../../arm-none-eabi/lib/armv6-m/libg_nano.a
LOAD /usr/bin/../lib/gcc/arm-none-eabi/5.4.1/../../../../arm-none-eabi/lib/armv6-m/libc_nano.a
END GROUP
START GROUP
LOAD /usr/bin/../lib/gcc/arm-none-eabi/5.4.1/armv6-m/libgcc.a
LOAD /usr/bin/../lib/gcc/arm-none-eabi/5.4.1/../../../../arm-none-eabi/lib/armv6-m/libc_nano.a
END GROUP

.text           0x0000000000000000     0x2050
                0x0000000000000000                . = ALIGN (0x4)
                0x0000000000000000                _sfixed = .
 *(.vectors .vectors.*)
 .vectors       0x0000000000000000       0xb0 /home/rui/Projects/6Lowpan-testbed/samr21-test/bin/samr21-xpro/cpu/vectors.o
                0x0000000000000000                interrupt_vector
 *(.text .text.* .gnu.linkonce.t.*)
 .text._init    0x00000000000000b0        0x8 /home/rui/Projects/6Lowpan-testbed/samr21-test/bin/samr21-xpro/newlib_syscalls_default/syscalls.o
                0x00000000000000b0                _init
 .text._fini    0x00000000000000b8        0x2 /home/rui/Projects/6Lowpan-testbed/samr21-test/bin/samr21-xpro/newlib_syscalls_default/syscalls.o
                0x00000000000000b8                _fini
 *fill*         0x00000000000000ba        0x2 
 .text._sbrk_r  0x00000000000000bc       0x3c /home/rui/Projects/6Lowpan-testbed/samr21-test/bin/samr21-xpro/newlib_syscalls_default/syscalls.o
                0x00000000000000bc                _sbrk_r
 .text._read_r  0x00000000000000f8        0xc /home/rui/Projects/6Lowpan-testbed/samr21-test/bin/samr21-xpro/newlib_syscalls_default/syscalls.o
                0x00000000000000f8                _read_r
 .text._write_r
                0x0000000000000104        0xc /home/rui/Projects/6Lowpan-testbed/samr21-test/bin/samr21-xpro/newlib_syscalls_default/syscalls.o
                0x0000000000000104                _write_r
 .text._close_r
                0x0000000000000110        0xa /home/rui/Projects/6Lowpan-testbed/samr21-test/bin/samr21-xpro/newlib_syscalls_default/syscalls.o
                0x0000000000000110                _close_r
 .text._lseek_r
                0x000000000000011a        0xa /home/rui/Projects/6Lowpan-testbed/samr21-test/bin/samr21-xpro/newlib_syscalls_default/syscalls.o
                0x000000000000011a                _lseek_r
 .text._fstat_r
                0x0000000000000124        0xa /home/rui/Projects/6Lowpan-testbed/samr21-test/bin/samr21-xpro/newlib_syscalls_default/syscalls.o
                0x0000000000000124                _fstat_r
 .text._isatty_r
                0x000000000000012e        0xe /home/rui/Projects/6Lowpan-testbed/samr21-test/bin/samr21-xpro/newlib_syscalls_default/syscalls.o
                0x000000000000012e                _isatty_r
 .text.dummy_handler
                0x000000000000013c        0x8 /home/rui/Projects/6Lowpan-testbed/samr21-test/bin/samr21-xpro/cpu/vectors.o
                0x000000000000013c                isr_evsys
                0x000000000000013c                isr_dac
                0x000000000000013c                isr_tc6
                0x000000000000013c                isr_tc3
                0x000000000000013c                isr_ptc
                0x000000000000013c                isr_dmac
                0x000000000000013c                isr_tc7
                0x000000000000013c                isr_sysctrl
                0x000000000000013c                isr_tcc0
                0x000000000000013c                isr_pm
                0x000000000000013c                isr_tc5
                0x000000000000013c                dummy_handler
                0x000000000000013c                isr_adc
                0x000000000000013c                isr_wdt
                0x000000000000013c                isr_sercom3
                0x000000000000013c                isr_ac
                0x000000000000013c                isr_tcc2
                0x000000000000013c                isr_i2c
                0x000000000000013c                isr_rtc
                0x000000000000013c                isr_usb
                0x000000000000013c                isr_sercom2
                0x000000000000013c                isr_sercom4
                0x000000000000013c                isr_tc4
                0x000000000000013c                isr_nvmctrl
                0x000000000000013c                isr_tcc1
                0x000000000000013c                isr_sercom1
                0x000000000000013c                isr_systick
 .text.sched_run
                0x0000000000000144       0x58 /home/rui/Projects/6Lowpan-testbed/samr21-test/bin/samr21-xpro/core.a(sched.o)
                0x0000000000000144                sched_run
 .text.sched_set_status
                0x000000000000019c       0x7c /home/rui/Projects/6Lowpan-testbed/samr21-test/bin/samr21-xpro/core.a(sched.o)
                0x000000000000019c                sched_set_status
 .text.sched_switch
                0x0000000000000218       0x30 /home/rui/Projects/6Lowpan-testbed/samr21-test/bin/samr21-xpro/core.a(sched.o)
                0x0000000000000218                sched_switch
 .text.sched_task_exit
                0x0000000000000248       0x3c /home/rui/Projects/6Lowpan-testbed/samr21-test/bin/samr21-xpro/core.a(sched.o)
                0x0000000000000248                sched_task_exit
 .text.bitarithm_lsb
                0x0000000000000284       0x12 /home/rui/Projects/6Lowpan-testbed/samr21-test/bin/samr21-xpro/core.a(bitarithm.o)
                0x0000000000000284                bitarithm_lsb
 *fill*         0x0000000000000296        0x2 
 .text.thread_arch_stack_init
                0x0000000000000298       0x90 /home/rui/Projects/6Lowpan-testbed/samr21-test/bin/samr21-xpro/cortexm_common.a(thread_arch.o)
                0x0000000000000298                thread_arch_stack_init
 .text.thread_arch_start_threading
                0x0000000000000328        0x8 /home/rui/Projects/6Lowpan-testbed/samr21-test/bin/samr21-xpro/cortexm_common.a(thread_arch.o)
                0x0000000000000328                thread_arch_start_threading
 .text.thread_arch_yield
                0x0000000000000330       0x14 /home/rui/Projects/6Lowpan-testbed/samr21-test/bin/samr21-xpro/cortexm_common.a(thread_arch.o)
                0x0000000000000330                thread_arch_yield
 .text.isr_pendsv
                0x0000000000000344       0x28 /home/rui/Projects/6Lowpan-testbed/samr21-test/bin/samr21-xpro/cortexm_common.a(thread_arch.o)
                0x0000000000000344                isr_pendsv
 .text.isr_svc  0x000000000000036c       0x2c /home/rui/Projects/6Lowpan-testbed/samr21-test/bin/samr21-xpro/cortexm_common.a(thread_arch.o)
                0x000000000000036c                isr_svc
 .text.irq_arch_disable
                0x0000000000000398        0x8 /home/rui/Projects/6Lowpan-testbed/samr21-test/bin/samr21-xpro/cortexm_common.a(irq_arch.o)
                0x0000000000000398                irq_arch_disable
 .text.irq_arch_enable
                0x00000000000003a0        0x8 /home/rui/Projects/6Lowpan-testbed/samr21-test/bin/samr21-xpro/cortexm_common.a(irq_arch.o)
                0x00000000000003a0                irq_arch_enable
 .text.irq_arch_restore
                0x00000000000003a8        0x6 /home/rui/Projects/6Lowpan-testbed/samr21-test/bin/samr21-xpro/cortexm_common.a(irq_arch.o)
                0x00000000000003a8                irq_arch_restore
 .text.irq_arch_in
                0x00000000000003ae        0x8 /home/rui/Projects/6Lowpan-testbed/samr21-test/bin/samr21-xpro/cortexm_common.a(irq_arch.o)
                0x00000000000003ae                irq_arch_in
 .text.pre_startup
                0x00000000000003b6        0x2 /home/rui/Projects/6Lowpan-testbed/samr21-test/bin/samr21-xpro/cortexm_common.a(vectors_cortexm.o)
                0x00000000000003b6                pre_startup
 .text.post_startup
                0x00000000000003b8        0x2 /home/rui/Projects/6Lowpan-testbed/samr21-test/bin/samr21-xpro/cortexm_common.a(vectors_cortexm.o)
                0x00000000000003b8                post_startup
 *fill*         0x00000000000003ba        0x2 
 .text.reset_handler_default
                0x00000000000003bc       0x68 /home/rui/Projects/6Lowpan-testbed/samr21-test/bin/samr21-xpro/cortexm_common.a(vectors_cortexm.o)
                0x00000000000003bc                reset_handler_default
 .text.nmi_default
                0x0000000000000424       0x10 /home/rui/Projects/6Lowpan-testbed/samr21-test/bin/samr21-xpro/cortexm_common.a(vectors_cortexm.o)
                0x0000000000000424                nmi_default
 .text.hard_fault_default
                0x0000000000000434       0x4c /home/rui/Projects/6Lowpan-testbed/samr21-test/bin/samr21-xpro/cortexm_common.a(vectors_cortexm.o)
                0x0000000000000434                hard_fault_default
 .text.hard_fault_handler
                0x0000000000000480      0x114 /home/rui/Projects/6Lowpan-testbed/samr21-test/bin/samr21-xpro/cortexm_common.a(vectors_cortexm.o)
                0x0000000000000480                hard_fault_handler
 .text.dummy_handler_default
                0x0000000000000594       0x10 /home/rui/Projects/6Lowpan-testbed/samr21-test/bin/samr21-xpro/cortexm_common.a(vectors_cortexm.o)
                0x0000000000000594                dummy_handler_default
 .text.uart_stdio_rx_cb
                0x00000000000005a4       0x18 /home/rui/Projects/6Lowpan-testbed/samr21-test/bin/samr21-xpro/uart_stdio.a(uart_stdio.o)
                0x00000000000005a4                uart_stdio_rx_cb
 .text.uart_stdio_init
                0x00000000000005bc       0x18 /home/rui/Projects/6Lowpan-testbed/samr21-test/bin/samr21-xpro/uart_stdio.a(uart_stdio.o)
                0x00000000000005bc                uart_stdio_init
 .text.uart_stdio_read
                0x00000000000005d4       0x28 /home/rui/Projects/6Lowpan-testbed/samr21-test/bin/samr21-xpro/uart_stdio.a(uart_stdio.o)
                0x00000000000005d4                uart_stdio_read
 .text.uart_stdio_write
                0x00000000000005fc       0x12 /home/rui/Projects/6Lowpan-testbed/samr21-test/bin/samr21-xpro/uart_stdio.a(uart_stdio.o)
                0x00000000000005fc                uart_stdio_write
 *fill*         0x000000000000060e        0x2 
 .text.board_init
                0x0000000000000610       0x14 /home/rui/Projects/6Lowpan-testbed/samr21-test/bin/samr21-xpro/board.a(board.o)
                0x0000000000000610                board_init
 .text.core_panic
                0x0000000000000624       0x44 /home/rui/Projects/6Lowpan-testbed/samr21-test/bin/samr21-xpro/core.a(panic.o)
                0x0000000000000624                core_panic
 .text._mutex_lock
                0x0000000000000668       0x60 /home/rui/Projects/6Lowpan-testbed/samr21-test/bin/samr21-xpro/core.a(mutex.o)
                0x0000000000000668                _mutex_lock
 .text.mutex_unlock
                0x00000000000006c8       0x48 /home/rui/Projects/6Lowpan-testbed/samr21-test/bin/samr21-xpro/core.a(mutex.o)
                0x00000000000006c8                mutex_unlock
 .text.main_trampoline
                0x0000000000000710       0x18 /home/rui/Projects/6Lowpan-testbed/samr21-test/bin/samr21-xpro/core.a(kernel_init.o)
 .text.idle_thread
                0x0000000000000728       0x14 /home/rui/Projects/6Lowpan-testbed/samr21-test/bin/samr21-xpro/core.a(kernel_init.o)
 .text.kernel_init
                0x000000000000073c       0x58 /home/rui/Projects/6Lowpan-testbed/samr21-test/bin/samr21-xpro/core.a(kernel_init.o)
                0x000000000000073c                kernel_init
 .text.thread_yield
                0x0000000000000794       0x34 /home/rui/Projects/6Lowpan-testbed/samr21-test/bin/samr21-xpro/core.a(thread.o)
                0x0000000000000794                thread_yield
 .text.thread_add_to_list
                0x00000000000007c8       0x34 /home/rui/Projects/6Lowpan-testbed/samr21-test/bin/samr21-xpro/core.a(thread.o)
                0x00000000000007c8                thread_add_to_list
 .text.thread_create
                0x00000000000007fc       0xf4 /home/rui/Projects/6Lowpan-testbed/samr21-test/bin/samr21-xpro/core.a(thread.o)
                0x00000000000007fc                thread_create
 .text.panic_arch
                0x00000000000008f0       0x24 /home/rui/Projects/6Lowpan-testbed/samr21-test/bin/samr21-xpro/cortexm_common.a(panic.o)
                0x00000000000008f0                panic_arch
 .text.cpu_init
                0x0000000000000914       0xec /home/rui/Projects/6Lowpan-testbed/samr21-test/bin/samr21-xpro/cpu.a(cpu.o)
                0x0000000000000914                cpu_init
 .text.lpm_arch_set
                0x0000000000000a00        0x4 /home/rui/Projects/6Lowpan-testbed/samr21-test/bin/samr21-xpro/cpu.a(lpm_arch.o)
                0x0000000000000a00                lpm_arch_set
 .text.irq_handler
                0x0000000000000a04       0x48 /home/rui/Projects/6Lowpan-testbed/samr21-test/bin/samr21-xpro/periph.a(uart.o)
 .text.uart_write
                0x0000000000000a4c       0x24 /home/rui/Projects/6Lowpan-testbed/samr21-test/bin/samr21-xpro/periph.a(uart.o)
                0x0000000000000a4c                uart_write
 .text.uart_poweron
                0x0000000000000a70       0x3c /home/rui/Projects/6Lowpan-testbed/samr21-test/bin/samr21-xpro/periph.a(uart.o)
                0x0000000000000a70                uart_poweron
 .text.uart_init
                0x0000000000000aac       0xdc /home/rui/Projects/6Lowpan-testbed/samr21-test/bin/samr21-xpro/periph.a(uart.o)
                0x0000000000000aac                uart_init
 .text.isr_sercom0
                0x0000000000000b88        0xa /home/rui/Projects/6Lowpan-testbed/samr21-test/bin/samr21-xpro/periph.a(uart.o)
                0x0000000000000b88                isr_sercom0
 .text.isr_sercom5
                0x0000000000000b92        0xa /home/rui/Projects/6Lowpan-testbed/samr21-test/bin/samr21-xpro/periph.a(uart.o)
                0x0000000000000b92                isr_sercom5
 .text.gpio_init_mux
                0x0000000000000b9c       0x38 /home/rui/Projects/6Lowpan-testbed/samr21-test/bin/samr21-xpro/periph.a(gpio.o)
                0x0000000000000b9c                gpio_init_mux
 .text.gpio_init
                0x0000000000000bd4       0x38 /home/rui/Projects/6Lowpan-testbed/samr21-test/bin/samr21-xpro/periph.a(gpio.o)
                0x0000000000000bd4                gpio_init
 .text.isr_eic  0x0000000000000c0c       0x48 /home/rui/Projects/6Lowpan-testbed/samr21-test/bin/samr21-xpro/periph.a(gpio.o)
                0x0000000000000c0c                isr_eic
 .text.tsrb_get
                0x0000000000000c54       0x2c /home/rui/Projects/6Lowpan-testbed/samr21-test/bin/samr21-xpro/tsrb.a(tsrb.o)
                0x0000000000000c54                tsrb_get
 .text.tsrb_add_one
                0x0000000000000c80       0x26 /home/rui/Projects/6Lowpan-testbed/samr21-test/bin/samr21-xpro/tsrb.a(tsrb.o)
                0x0000000000000c80                tsrb_add_one
 *fill*         0x0000000000000ca6        0x2 
 .text.startup.main
                0x0000000000000ca8       0x30 /home/rui/Projects/6Lowpan-testbed/samr21-test/bin/samr21-xpro/hello-world.a(main.o)
                0x0000000000000ca8                main
 .text.auto_init
                0x0000000000000cd8        0x2 /home/rui/Projects/6Lowpan-testbed/samr21-test/bin/samr21-xpro/auto_init.a(auto_init.o)
                0x0000000000000cd8                auto_init
 *fill*         0x0000000000000cda        0x2 
 .text.cortexm_init
                0x0000000000000cdc       0x70 /home/rui/Projects/6Lowpan-testbed/samr21-test/bin/samr21-xpro/cortexm_common.a(cortexm_init.o)
                0x0000000000000cdc                cortexm_init
 .text          0x0000000000000d4c      0x114 /usr/bin/../lib/gcc/arm-none-eabi/5.4.1/armv6-m/libgcc.a(_udivsi3.o)
                0x0000000000000d4c                __udivsi3
                0x0000000000000d4c                __aeabi_uidiv
                0x0000000000000e58                __aeabi_uidivmod
 .text          0x0000000000000e60        0x4 /usr/bin/../lib/gcc/arm-none-eabi/5.4.1/armv6-m/libgcc.a(_dvmd_tls.o)
                0x0000000000000e60                __aeabi_ldiv0
                0x0000000000000e60                __aeabi_idiv0
 .text.__libc_init_array
                0x0000000000000e64       0x4c /usr/bin/../lib/gcc/arm-none-eabi/5.4.1/../../../../arm-none-eabi/lib/armv6-m/libc_nano.a(lib_a-init.o)
                0x0000000000000e64                __libc_init_array
 .text.printf   0x0000000000000eb0       0x34 /usr/bin/../lib/gcc/arm-none-eabi/5.4.1/../../../../arm-none-eabi/lib/armv6-m/libc_nano.a(lib_a-printf.o)
                0x0000000000000eb0                printf
                0x0000000000000eb0                iprintf
 .text._puts_r  0x0000000000000ee4       0xc4 /usr/bin/../lib/gcc/arm-none-eabi/5.4.1/../../../../arm-none-eabi/lib/armv6-m/libc_nano.a(lib_a-puts.o)
                0x0000000000000ee4                _puts_r
 .text.puts     0x0000000000000fa8       0x14 /usr/bin/../lib/gcc/arm-none-eabi/5.4.1/../../../../arm-none-eabi/lib/armv6-m/libc_nano.a(lib_a-puts.o)
                0x0000000000000fa8                puts
 .text.__swbuf_r
                0x0000000000000fbc       0xac /usr/bin/../lib/gcc/arm-none-eabi/5.4.1/../../../../arm-none-eabi/lib/armv6-m/libc_nano.a(lib_a-wbuf.o)
                0x0000000000000fbc                __swbuf_r
 .text.__swsetup_r
                0x0000000000001068       0xec /usr/bin/../lib/gcc/arm-none-eabi/5.4.1/../../../../arm-none-eabi/lib/armv6-m/libc_nano.a(lib_a-wsetup.o)
                0x0000000000001068                __swsetup_r
 .text.__sflush_r
                0x0000000000001154      0x10c /usr/bin/../lib/gcc/arm-none-eabi/5.4.1/../../../../arm-none-eabi/lib/armv6-m/libc_nano.a(lib_a-fflush.o)
                0x0000000000001154                __sflush_r
 .text._fflush_r
                0x0000000000001260       0x58 /usr/bin/../lib/gcc/arm-none-eabi/5.4.1/../../../../arm-none-eabi/lib/armv6-m/libc_nano.a(lib_a-fflush.o)
                0x0000000000001260                _fflush_r
 .text._cleanup_r
                0x00000000000012b8       0x10 /usr/bin/../lib/gcc/arm-none-eabi/5.4.1/../../../../arm-none-eabi/lib/armv6-m/libc_nano.a(lib_a-findfp.o)
                0x00000000000012b8                _cleanup_r
 .text.std.isra.0
                0x00000000000012c8       0x48 /usr/bin/../lib/gcc/arm-none-eabi/5.4.1/../../../../arm-none-eabi/lib/armv6-m/libc_nano.a(lib_a-findfp.o)
 .text.__sfmoreglue
                0x0000000000001310       0x2c /usr/bin/../lib/gcc/arm-none-eabi/5.4.1/../../../../arm-none-eabi/lib/armv6-m/libc_nano.a(lib_a-findfp.o)
                0x0000000000001310                __sfmoreglue
 .text.__sinit  0x000000000000133c       0x68 /usr/bin/../lib/gcc/arm-none-eabi/5.4.1/../../../../arm-none-eabi/lib/armv6-m/libc_nano.a(lib_a-findfp.o)
                0x000000000000133c                __sinit
 .text.__sfp    0x00000000000013a4       0x7c /usr/bin/../lib/gcc/arm-none-eabi/5.4.1/../../../../arm-none-eabi/lib/armv6-m/libc_nano.a(lib_a-findfp.o)
                0x00000000000013a4                __sfp
 .text._fwalk_reent
                0x0000000000001420       0x42 /usr/bin/../lib/gcc/arm-none-eabi/5.4.1/../../../../arm-none-eabi/lib/armv6-m/libc_nano.a(lib_a-fwalk.o)
                0x0000000000001420                _fwalk_reent
 *fill*         0x0000000000001462        0x2 
 .text.__swhatbuf_r
                0x0000000000001464       0x4c /usr/bin/../lib/gcc/arm-none-eabi/5.4.1/../../../../arm-none-eabi/lib/armv6-m/libc_nano.a(lib_a-makebuf.o)
                0x0000000000001464                __swhatbuf_r
 .text.__smakebuf_r
                0x00000000000014b0       0x7c /usr/bin/../lib/gcc/arm-none-eabi/5.4.1/../../../../arm-none-eabi/lib/armv6-m/libc_nano.a(lib_a-makebuf.o)
                0x00000000000014b0                __smakebuf_r
 .text.memset   0x000000000000152c       0x10 /usr/bin/../lib/gcc/arm-none-eabi/5.4.1/../../../../arm-none-eabi/lib/armv6-m/libc_nano.a(lib_a-memset.o)
                0x000000000000152c                memset
 .text._free_r  0x000000000000153c       0x98 /usr/bin/../lib/gcc/arm-none-eabi/5.4.1/../../../../arm-none-eabi/lib/armv6-m/libc_nano.a(lib_a-nano-freer.o)
                0x000000000000153c                _free_r
 .text._malloc_r
                0x00000000000015d4       0xc0 /usr/bin/../lib/gcc/arm-none-eabi/5.4.1/../../../../arm-none-eabi/lib/armv6-m/libc_nano.a(lib_a-nano-mallocr.o)
                0x00000000000015d4                _malloc_r
 .text.__sfputc_r
                0x0000000000001694       0x2a /usr/bin/../lib/gcc/arm-none-eabi/5.4.1/../../../../arm-none-eabi/lib/armv6-m/libc_nano.a(lib_a-nano-vfprintf.o)
 .text.__sfputs_r
                0x00000000000016be       0x24 /usr/bin/../lib/gcc/arm-none-eabi/5.4.1/../../../../arm-none-eabi/lib/armv6-m/libc_nano.a(lib_a-nano-vfprintf.o)
                0x00000000000016be                __sfputs_r
 *fill*         0x00000000000016e2        0x2 
 .text._vfprintf_r
                0x00000000000016e4      0x238 /usr/bin/../lib/gcc/arm-none-eabi/5.4.1/../../../../arm-none-eabi/lib/armv6-m/libc_nano.a(lib_a-nano-vfprintf.o)
                0x00000000000016e4                _vfiprintf_r
                0x00000000000016e4                _vfprintf_r
 .text._printf_common
                0x000000000000191c       0xdc /usr/bin/../lib/gcc/arm-none-eabi/5.4.1/../../../../arm-none-eabi/lib/armv6-m/libc_nano.a(lib_a-nano-vfprintf_i.o)
                0x000000000000191c                _printf_common
 .text._printf_i
                0x00000000000019f8      0x244 /usr/bin/../lib/gcc/arm-none-eabi/5.4.1/../../../../arm-none-eabi/lib/armv6-m/libc_nano.a(lib_a-nano-vfprintf_i.o)
                0x00000000000019f8                _printf_i
 .text.__sread  0x0000000000001c3c       0x28 /usr/bin/../lib/gcc/arm-none-eabi/5.4.1/../../../../arm-none-eabi/lib/armv6-m/libc_nano.a(lib_a-stdio.o)
                0x0000000000001c3c                __sread
 .text.__swrite
                0x0000000000001c64       0x38 /usr/bin/../lib/gcc/arm-none-eabi/5.4.1/../../../../arm-none-eabi/lib/armv6-m/libc_nano.a(lib_a-stdio.o)
                0x0000000000001c64                __swrite
 .text.__sseek  0x0000000000001c9c       0x2c /usr/bin/../lib/gcc/arm-none-eabi/5.4.1/../../../../arm-none-eabi/lib/armv6-m/libc_nano.a(lib_a-stdio.o)
                0x0000000000001c9c                __sseek
 .text.__sclose
                0x0000000000001cc8        0xc /usr/bin/../lib/gcc/arm-none-eabi/5.4.1/../../../../arm-none-eabi/lib/armv6-m/libc_nano.a(lib_a-stdio.o)
                0x0000000000001cc8                __sclose
 .text.memchr   0x0000000000001cd4       0x16 /usr/bin/../lib/gcc/arm-none-eabi/5.4.1/../../../../arm-none-eabi/lib/armv6-m/libc_nano.a(lib_a-memchr-stub.o)
                0x0000000000001cd4                memchr
 .text.__malloc_lock
                0x0000000000001cea        0x2 /usr/bin/../lib/gcc/arm-none-eabi/5.4.1/../../../../arm-none-eabi/lib/armv6-m/libc_nano.a(lib_a-mlock.o)
                0x0000000000001cea                __malloc_lock
 .text.__malloc_unlock
                0x0000000000001cec        0x2 /usr/bin/../lib/gcc/arm-none-eabi/5.4.1/../../../../arm-none-eabi/lib/armv6-m/libc_nano.a(lib_a-mlock.o)
                0x0000000000001cec                __malloc_unlock
 *(.glue_7t)
 .glue_7t       0x0000000000001cee        0x0 linker stubs
 *(.glue_7)
 .glue_7        0x0000000000001cee        0x0 linker stubs
 *(.rodata .rodata* .gnu.linkonce.r.*)
 .rodata.str1.1
                0x0000000000001cee      0x1a5 /home/rui/Projects/6Lowpan-testbed/samr21-test/bin/samr21-xpro/cortexm_common.a(vectors_cortexm.o)
 .rodata.assert_crash_message
                0x0000000000001e93       0x12 /home/rui/Projects/6Lowpan-testbed/samr21-test/bin/samr21-xpro/core.a(panic.o)
                0x0000000000001e93                assert_crash_message
 .rodata.str1.1
                0x0000000000001ea5       0x2e /home/rui/Projects/6Lowpan-testbed/samr21-test/bin/samr21-xpro/core.a(panic.o)
 .rodata.str1.1
                0x0000000000001ed3       0x47 /home/rui/Projects/6Lowpan-testbed/samr21-test/bin/samr21-xpro/core.a(kernel_init.o)
 .rodata.str1.1
                0x0000000000001f1a        0xf /home/rui/Projects/6Lowpan-testbed/samr21-test/bin/samr21-xpro/cortexm_common.a(panic.o)
 *fill*         0x0000000000001f29        0x3 
 .rodata.uart_config
                0x0000000000001f2c       0x20 /home/rui/Projects/6Lowpan-testbed/samr21-test/bin/samr21-xpro/periph.a(uart.o)
 .rodata.str1.1
                0x0000000000001f4c       0x6a /home/rui/Projects/6Lowpan-testbed/samr21-test/bin/samr21-xpro/hello-world.a(main.o)
 *fill*         0x0000000000001fb6        0x2 
 .rodata._global_impure_ptr
                0x0000000000001fb8        0x4 /usr/bin/../lib/gcc/arm-none-eabi/5.4.1/../../../../arm-none-eabi/lib/armv6-m/libc_nano.a(lib_a-impure.o)
                0x0000000000001fb8                _global_impure_ptr
 .rodata.__sf_fake_stdin
                0x0000000000001fbc       0x20 /usr/bin/../lib/gcc/arm-none-eabi/5.4.1/../../../../arm-none-eabi/lib/armv6-m/libc_nano.a(lib_a-findfp.o)
                0x0000000000001fbc                __sf_fake_stdin
 .rodata.__sf_fake_stdout
                0x0000000000001fdc       0x20 /usr/bin/../lib/gcc/arm-none-eabi/5.4.1/../../../../arm-none-eabi/lib/armv6-m/libc_nano.a(lib_a-findfp.o)
                0x0000000000001fdc                __sf_fake_stdout
 .rodata.__sf_fake_stderr
                0x0000000000001ffc       0x20 /usr/bin/../lib/gcc/arm-none-eabi/5.4.1/../../../../arm-none-eabi/lib/armv6-m/libc_nano.a(lib_a-findfp.o)
                0x0000000000001ffc                __sf_fake_stderr
 .rodata.str1.1
                0x000000000000201c       0x11 /usr/bin/../lib/gcc/arm-none-eabi/5.4.1/../../../../arm-none-eabi/lib/armv6-m/libc_nano.a(lib_a-nano-vfprintf.o)
 .rodata.str1.1
                0x000000000000202d       0x22 /usr/bin/../lib/gcc/arm-none-eabi/5.4.1/../../../../arm-none-eabi/lib/armv6-m/libc_nano.a(lib_a-nano-vfprintf_i.o)
 *(.ARM.extab* .gnu.linkonce.armextab.*)
                0x0000000000002050                . = ALIGN (0x4)
 *fill*         0x000000000000204f        0x1 
 *(.init)
                0x0000000000002050                . = ALIGN (0x4)
                0x0000000000002050                __preinit_array_start = .
 *(.preinit_array)
                0x0000000000002050                __preinit_array_end = .
                0x0000000000002050                . = ALIGN (0x4)
                0x0000000000002050                __init_array_start = .
 *(SORT(.init_array.*))
 *(.init_array)
                0x0000000000002050                __init_array_end = .
                0x0000000000002050                . = ALIGN (0x4)
 *crtbegin.o(.ctors)
 *(EXCLUDE_FILE(*crtend.o) .ctors)
 *(SORT(.ctors.*))
 *crtend.o(.ctors)
                0x0000000000002050                . = ALIGN (0x4)
 *(.fini)
                0x0000000000002050                . = ALIGN (0x4)
                0x0000000000002050                __fini_array_start = .
 *(.fini_array)
 *(SORT(.fini_array.*))
                0x0000000000002050                __fini_array_end = .
 *crtbegin.o(.dtors)
 *(EXCLUDE_FILE(*crtend.o) .dtors)
 *(SORT(.dtors.*))
 *crtend.o(.dtors)
                0x0000000000002050                . = ALIGN (0x4)
                0x0000000000002050                _efixed = .
                [!provide]                        PROVIDE (__exidx_start, .)

.vfp11_veneer   0x0000000000002050        0x0
 .vfp11_veneer  0x0000000000002050        0x0 linker stubs

.v4_bx          0x0000000000002050        0x0
 .v4_bx         0x0000000000002050        0x0 linker stubs

.iplt           0x0000000000002050        0x0
 .iplt          0x0000000000002050        0x0 /home/rui/Projects/6Lowpan-testbed/samr21-test/bin/samr21-xpro/newlib_syscalls_default/syscalls.o

.igot.plt       0x0000000000002050        0x0
 .igot.plt      0x0000000000002050        0x0 /home/rui/Projects/6Lowpan-testbed/samr21-test/bin/samr21-xpro/newlib_syscalls_default/syscalls.o

.rel.dyn        0x0000000000002050        0x0
 .rel.iplt      0x0000000000002050        0x0 /home/rui/Projects/6Lowpan-testbed/samr21-test/bin/samr21-xpro/newlib_syscalls_default/syscalls.o

.ARM.exidx
 *(.ARM.exidx* .gnu.linkonce.armexidx.*)
                [!provide]                        PROVIDE (__exidx_end, .)
                0x0000000000002050                . = ALIGN (0x4)

.eh_frame
 *(.eh_frame)
                0x0000000000002050                . = ALIGN (0x4)
                0x0000000000002050                _etext = .

.stack          0x0000000020000000      0x200
                0x0000000020000000                . = ALIGN (0x8)
                0x0000000020000000                _sstack = .
 *(.isr_stack)
 .isr_stack     0x0000000020000000      0x200 /home/rui/Projects/6Lowpan-testbed/samr21-test/bin/samr21-xpro/cortexm_common.a(vectors_cortexm.o)
                0x0000000020000000                isr_stack
                0x0000000020000200                . = ALIGN (0x8)
                0x0000000020000200                _estack = .

.relocate       0x0000000020000200       0x80 load address 0x0000000000002050
                0x0000000020000200                . = ALIGN (0x4)
                0x0000000020000200                _srelocate = .
 *(.ramfunc .ramfunc.*)
 *(.data .data.*)
 .data.heap_top
                0x0000000020000200        0x4 /home/rui/Projects/6Lowpan-testbed/samr21-test/bin/samr21-xpro/newlib_syscalls_default/syscalls.o
                0x0000000020000200                heap_top
 .data._rx_buf  0x0000000020000204       0x10 /home/rui/Projects/6Lowpan-testbed/samr21-test/bin/samr21-xpro/uart_stdio.a(uart_stdio.o)
 .data.idle_name
                0x0000000020000214        0x4 /home/rui/Projects/6Lowpan-testbed/samr21-test/bin/samr21-xpro/core.a(kernel_init.o)
                0x0000000020000214                idle_name
 .data.main_name
                0x0000000020000218        0x4 /home/rui/Projects/6Lowpan-testbed/samr21-test/bin/samr21-xpro/core.a(kernel_init.o)
                0x0000000020000218                main_name
 .data.impure_data
                0x000000002000021c       0x60 /usr/bin/../lib/gcc/arm-none-eabi/5.4.1/../../../../arm-none-eabi/lib/armv6-m/libc_nano.a(lib_a-impure.o)
 .data._impure_ptr
                0x000000002000027c        0x4 /usr/bin/../lib/gcc/arm-none-eabi/5.4.1/../../../../arm-none-eabi/lib/armv6-m/libc_nano.a(lib_a-impure.o)
                0x000000002000027c                _impure_ptr
                0x0000000020000280                . = ALIGN (0x4)
                0x0000000020000280                _erelocate = .

.bss            0x0000000020000280      0x8bc load address 0x00000000000020d0
                0x0000000020000280                . = ALIGN (0x4)
                0x0000000020000280                _sbss = .
                0x0000000020000280                _szero = .
 *(.bss .bss.*)
 .bss.sched_context_switch_request
                0x0000000020000280        0x4 /home/rui/Projects/6Lowpan-testbed/samr21-test/bin/samr21-xpro/core.a(sched.o)
                0x0000000020000280                sched_context_switch_request
 .bss.sched_active_pid
                0x0000000020000284        0x2 /home/rui/Projects/6Lowpan-testbed/samr21-test/bin/samr21-xpro/core.a(sched.o)
                0x0000000020000284                sched_active_pid
 *fill*         0x0000000020000286        0x2 
 .bss.sched_active_thread
                0x0000000020000288        0x4 /home/rui/Projects/6Lowpan-testbed/samr21-test/bin/samr21-xpro/core.a(sched.o)
                0x0000000020000288                sched_active_thread
 .bss.sched_num_threads
                0x000000002000028c        0x4 /home/rui/Projects/6Lowpan-testbed/samr21-test/bin/samr21-xpro/core.a(sched.o)
                0x000000002000028c                sched_num_threads
 .bss.sched_runqueues
                0x0000000020000290       0x40 /home/rui/Projects/6Lowpan-testbed/samr21-test/bin/samr21-xpro/core.a(sched.o)
                0x0000000020000290                sched_runqueues
 .bss.sched_threads
                0x00000000200002d0       0x84 /home/rui/Projects/6Lowpan-testbed/samr21-test/bin/samr21-xpro/core.a(sched.o)
                0x00000000200002d0                sched_threads
 .bss.runqueue_bitcache
                0x0000000020000354        0x4 /home/rui/Projects/6Lowpan-testbed/samr21-test/bin/samr21-xpro/core.a(sched.o)
 .bss._rx_buf_mem
                0x0000000020000358       0x40 /home/rui/Projects/6Lowpan-testbed/samr21-test/bin/samr21-xpro/uart_stdio.a(uart_stdio.o)
 .bss._rx_mutex
                0x0000000020000398        0x4 /home/rui/Projects/6Lowpan-testbed/samr21-test/bin/samr21-xpro/uart_stdio.a(uart_stdio.o)
 .bss.crashed   0x000000002000039c        0x4 /home/rui/Projects/6Lowpan-testbed/samr21-test/bin/samr21-xpro/core.a(panic.o)
 .bss.idle_stack
                0x00000000200003a0      0x100 /home/rui/Projects/6Lowpan-testbed/samr21-test/bin/samr21-xpro/core.a(kernel_init.o)
 .bss.main_stack
                0x00000000200004a0      0x600 /home/rui/Projects/6Lowpan-testbed/samr21-test/bin/samr21-xpro/core.a(kernel_init.o)
 .bss.lpm_prevent_sleep
                0x0000000020000aa0        0x4 /home/rui/Projects/6Lowpan-testbed/samr21-test/bin/samr21-xpro/core.a(kernel_init.o)
                0x0000000020000aa0                lpm_prevent_sleep
 .bss.uart_ctx  0x0000000020000aa4       0x10 /home/rui/Projects/6Lowpan-testbed/samr21-test/bin/samr21-xpro/periph.a(uart.o)
 .bss.gpio_config
                0x0000000020000ab4       0x80 /home/rui/Projects/6Lowpan-testbed/samr21-test/bin/samr21-xpro/periph.a(gpio.o)
 .bss.__malloc_sbrk_start
                0x0000000020000b34        0x4 /usr/bin/../lib/gcc/arm-none-eabi/5.4.1/../../../../arm-none-eabi/lib/armv6-m/libc_nano.a(lib_a-nano-mallocr.o)
                0x0000000020000b34                __malloc_sbrk_start
 .bss.__malloc_free_list
                0x0000000020000b38        0x4 /usr/bin/../lib/gcc/arm-none-eabi/5.4.1/../../../../arm-none-eabi/lib/armv6-m/libc_nano.a(lib_a-nano-mallocr.o)
                0x0000000020000b38                __malloc_free_list
 *(COMMON)
                0x0000000020000b3c                . = ALIGN (0x4)
                0x0000000020000b3c                _ebss = .
                0x0000000020000b3c                _ezero = .
                0x0000000020000b3c                . = ALIGN (0x4)
                0x0000000020000b3c                _sheap = .
                0x0000000020008000                _eheap = (ORIGIN (ram) + LENGTH (ram))
                0x0000000020000000                _sram = ORIGIN (ram)
                0x0000000020008000                _eram = (ORIGIN (ram) + LENGTH (ram))
OUTPUT(/home/rui/Projects/6Lowpan-testbed/samr21-test/bin/samr21-xpro/hello-world.elf elf32-littlearm)

.debug_info     0x0000000000000000    0x1b331
 .debug_info    0x0000000000000000     0x3163 /home/rui/Projects/6Lowpan-testbed/samr21-test/bin/samr21-xpro/newlib_syscalls_default/syscalls.o
 .debug_info    0x0000000000003163       0xe6 /home/rui/Projects/6Lowpan-testbed/samr21-test/bin/samr21-xpro/cpu/vectors.o
 .debug_info    0x0000000000003249      0x555 /home/rui/Projects/6Lowpan-testbed/samr21-test/bin/samr21-xpro/core.a(sched.o)
 .debug_info    0x000000000000379e      0x116 /home/rui/Projects/6Lowpan-testbed/samr21-test/bin/samr21-xpro/core.a(bitarithm.o)
 .debug_info    0x00000000000038b4      0x63c /home/rui/Projects/6Lowpan-testbed/samr21-test/bin/samr21-xpro/cortexm_common.a(thread_arch.o)
 .debug_info    0x0000000000003ef0      0x204 /home/rui/Projects/6Lowpan-testbed/samr21-test/bin/samr21-xpro/cortexm_common.a(irq_arch.o)
 .debug_info    0x00000000000040f4     0x2882 /home/rui/Projects/6Lowpan-testbed/samr21-test/bin/samr21-xpro/cortexm_common.a(vectors_cortexm.o)
 .debug_info    0x0000000000006976     0x2729 /home/rui/Projects/6Lowpan-testbed/samr21-test/bin/samr21-xpro/uart_stdio.a(uart_stdio.o)
 .debug_info    0x000000000000909f     0x2a3e /home/rui/Projects/6Lowpan-testbed/samr21-test/bin/samr21-xpro/board.a(board.o)
 .debug_info    0x000000000000badd      0x242 /home/rui/Projects/6Lowpan-testbed/samr21-test/bin/samr21-xpro/core.a(panic.o)
 .debug_info    0x000000000000bd1f      0x5d0 /home/rui/Projects/6Lowpan-testbed/samr21-test/bin/samr21-xpro/core.a(mutex.o)
 .debug_info    0x000000000000c2ef      0x32b /home/rui/Projects/6Lowpan-testbed/samr21-test/bin/samr21-xpro/core.a(kernel_init.o)
 .debug_info    0x000000000000c61a      0x910 /home/rui/Projects/6Lowpan-testbed/samr21-test/bin/samr21-xpro/core.a(thread.o)
 .debug_info    0x000000000000cf2a      0x1c6 /home/rui/Projects/6Lowpan-testbed/samr21-test/bin/samr21-xpro/cortexm_common.a(panic.o)
 .debug_info    0x000000000000d0f0     0x44b9 /home/rui/Projects/6Lowpan-testbed/samr21-test/bin/samr21-xpro/cpu.a(cpu.o)
 .debug_info    0x00000000000115a9       0xb7 /home/rui/Projects/6Lowpan-testbed/samr21-test/bin/samr21-xpro/cpu.a(lpm_arch.o)
 .debug_info    0x0000000000011660     0x4ddb /home/rui/Projects/6Lowpan-testbed/samr21-test/bin/samr21-xpro/periph.a(uart.o)
 .debug_info    0x000000000001643b     0x45cc /home/rui/Projects/6Lowpan-testbed/samr21-test/bin/samr21-xpro/periph.a(gpio.o)
 .debug_info    0x000000000001aa07      0x32f /home/rui/Projects/6Lowpan-testbed/samr21-test/bin/samr21-xpro/tsrb.a(tsrb.o)
 .debug_info    0x000000000001ad36      0x101 /home/rui/Projects/6Lowpan-testbed/samr21-test/bin/samr21-xpro/hello-world.a(main.o)
 .debug_info    0x000000000001ae37       0xe1 /home/rui/Projects/6Lowpan-testbed/samr21-test/bin/samr21-xpro/auto_init.a(auto_init.o)
 .debug_info    0x000000000001af18      0x419 /home/rui/Projects/6Lowpan-testbed/samr21-test/bin/samr21-xpro/cortexm_common.a(cortexm_init.o)

.debug_abbrev   0x0000000000000000     0x29bb
 .debug_abbrev  0x0000000000000000      0x381 /home/rui/Projects/6Lowpan-testbed/samr21-test/bin/samr21-xpro/newlib_syscalls_default/syscalls.o
 .debug_abbrev  0x0000000000000381       0xb0 /home/rui/Projects/6Lowpan-testbed/samr21-test/bin/samr21-xpro/cpu/vectors.o
 .debug_abbrev  0x0000000000000431      0x24e /home/rui/Projects/6Lowpan-testbed/samr21-test/bin/samr21-xpro/core.a(sched.o)
 .debug_abbrev  0x000000000000067f       0x81 /home/rui/Projects/6Lowpan-testbed/samr21-test/bin/samr21-xpro/core.a(bitarithm.o)
 .debug_abbrev  0x0000000000000700      0x2f5 /home/rui/Projects/6Lowpan-testbed/samr21-test/bin/samr21-xpro/cortexm_common.a(thread_arch.o)
 .debug_abbrev  0x00000000000009f5      0x12e /home/rui/Projects/6Lowpan-testbed/samr21-test/bin/samr21-xpro/cortexm_common.a(irq_arch.o)
 .debug_abbrev  0x0000000000000b23      0x34c /home/rui/Projects/6Lowpan-testbed/samr21-test/bin/samr21-xpro/cortexm_common.a(vectors_cortexm.o)
 .debug_abbrev  0x0000000000000e6f      0x2ab /home/rui/Projects/6Lowpan-testbed/samr21-test/bin/samr21-xpro/uart_stdio.a(uart_stdio.o)
 .debug_abbrev  0x000000000000111a      0x1eb /home/rui/Projects/6Lowpan-testbed/samr21-test/bin/samr21-xpro/board.a(board.o)
 .debug_abbrev  0x0000000000001305      0x141 /home/rui/Projects/6Lowpan-testbed/samr21-test/bin/samr21-xpro/core.a(panic.o)
 .debug_abbrev  0x0000000000001446      0x1ff /home/rui/Projects/6Lowpan-testbed/samr21-test/bin/samr21-xpro/core.a(mutex.o)
 .debug_abbrev  0x0000000000001645      0x1a0 /home/rui/Projects/6Lowpan-testbed/samr21-test/bin/samr21-xpro/core.a(kernel_init.o)
 .debug_abbrev  0x00000000000017e5      0x2b6 /home/rui/Projects/6Lowpan-testbed/samr21-test/bin/samr21-xpro/core.a(thread.o)
 .debug_abbrev  0x0000000000001a9b      0x10c /home/rui/Projects/6Lowpan-testbed/samr21-test/bin/samr21-xpro/cortexm_common.a(panic.o)
 .debug_abbrev  0x0000000000001ba7      0x209 /home/rui/Projects/6Lowpan-testbed/samr21-test/bin/samr21-xpro/cpu.a(cpu.o)
 .debug_abbrev  0x0000000000001db0       0xa9 /home/rui/Projects/6Lowpan-testbed/samr21-test/bin/samr21-xpro/cpu.a(lpm_arch.o)
 .debug_abbrev  0x0000000000001e59      0x3cb /home/rui/Projects/6Lowpan-testbed/samr21-test/bin/samr21-xpro/periph.a(uart.o)
 .debug_abbrev  0x0000000000002224      0x3bb /home/rui/Projects/6Lowpan-testbed/samr21-test/bin/samr21-xpro/periph.a(gpio.o)
 .debug_abbrev  0x00000000000025df      0x15e /home/rui/Projects/6Lowpan-testbed/samr21-test/bin/samr21-xpro/tsrb.a(tsrb.o)
 .debug_abbrev  0x000000000000273d       0x7e /home/rui/Projects/6Lowpan-testbed/samr21-test/bin/samr21-xpro/hello-world.a(main.o)
 .debug_abbrev  0x00000000000027bb       0x90 /home/rui/Projects/6Lowpan-testbed/samr21-test/bin/samr21-xpro/auto_init.a(auto_init.o)
 .debug_abbrev  0x000000000000284b      0x170 /home/rui/Projects/6Lowpan-testbed/samr21-test/bin/samr21-xpro/cortexm_common.a(cortexm_init.o)

.debug_loc      0x0000000000000000     0x1dba
 .debug_loc     0x0000000000000000      0x391 /home/rui/Projects/6Lowpan-testbed/samr21-test/bin/samr21-xpro/newlib_syscalls_default/syscalls.o
 .debug_loc     0x0000000000000391      0x1a4 /home/rui/Projects/6Lowpan-testbed/samr21-test/bin/samr21-xpro/core.a(sched.o)
 .debug_loc     0x0000000000000535       0xb7 /home/rui/Projects/6Lowpan-testbed/samr21-test/bin/samr21-xpro/core.a(bitarithm.o)
 .debug_loc     0x00000000000005ec      0x2d9 /home/rui/Projects/6Lowpan-testbed/samr21-test/bin/samr21-xpro/cortexm_common.a(thread_arch.o)
 .debug_loc     0x00000000000008c5       0x13 /home/rui/Projects/6Lowpan-testbed/samr21-test/bin/samr21-xpro/cortexm_common.a(irq_arch.o)
 .debug_loc     0x00000000000008d8      0x252 /home/rui/Projects/6Lowpan-testbed/samr21-test/bin/samr21-xpro/cortexm_common.a(vectors_cortexm.o)
 .debug_loc     0x0000000000000b2a      0x130 /home/rui/Projects/6Lowpan-testbed/samr21-test/bin/samr21-xpro/uart_stdio.a(uart_stdio.o)
 .debug_loc     0x0000000000000c5a       0x52 /home/rui/Projects/6Lowpan-testbed/samr21-test/bin/samr21-xpro/core.a(panic.o)
 .debug_loc     0x0000000000000cac      0x20c /home/rui/Projects/6Lowpan-testbed/samr21-test/bin/samr21-xpro/core.a(mutex.o)
 .debug_loc     0x0000000000000eb8       0x42 /home/rui/Projects/6Lowpan-testbed/samr21-test/bin/samr21-xpro/core.a(kernel_init.o)
 .debug_loc     0x0000000000000efa      0x469 /home/rui/Projects/6Lowpan-testbed/samr21-test/bin/samr21-xpro/core.a(thread.o)
 .debug_loc     0x0000000000001363       0x20 /home/rui/Projects/6Lowpan-testbed/samr21-test/bin/samr21-xpro/cortexm_common.a(panic.o)
 .debug_loc     0x0000000000001383       0x21 /home/rui/Projects/6Lowpan-testbed/samr21-test/bin/samr21-xpro/cpu.a(lpm_arch.o)
 .debug_loc     0x00000000000013a4      0x337 /home/rui/Projects/6Lowpan-testbed/samr21-test/bin/samr21-xpro/periph.a(uart.o)
 .debug_loc     0x00000000000016db      0x3eb /home/rui/Projects/6Lowpan-testbed/samr21-test/bin/samr21-xpro/periph.a(gpio.o)
 .debug_loc     0x0000000000001ac6      0x244 /home/rui/Projects/6Lowpan-testbed/samr21-test/bin/samr21-xpro/tsrb.a(tsrb.o)
 .debug_loc     0x0000000000001d0a       0xb0 /home/rui/Projects/6Lowpan-testbed/samr21-test/bin/samr21-xpro/cortexm_common.a(cortexm_init.o)

.debug_aranges  0x0000000000000000      0x508
 .debug_aranges
                0x0000000000000000       0xa0 /home/rui/Projects/6Lowpan-testbed/samr21-test/bin/samr21-xpro/newlib_syscalls_default/syscalls.o
 .debug_aranges
                0x00000000000000a0       0x20 /home/rui/Projects/6Lowpan-testbed/samr21-test/bin/samr21-xpro/cpu/vectors.o
 .debug_aranges
                0x00000000000000c0       0x38 /home/rui/Projects/6Lowpan-testbed/samr21-test/bin/samr21-xpro/core.a(sched.o)
 .debug_aranges
                0x00000000000000f8       0x30 /home/rui/Projects/6Lowpan-testbed/samr21-test/bin/samr21-xpro/core.a(bitarithm.o)
 .debug_aranges
                0x0000000000000128       0x60 /home/rui/Projects/6Lowpan-testbed/samr21-test/bin/samr21-xpro/cortexm_common.a(thread_arch.o)
 .debug_aranges
                0x0000000000000188       0x38 /home/rui/Projects/6Lowpan-testbed/samr21-test/bin/samr21-xpro/cortexm_common.a(irq_arch.o)
 .debug_aranges
                0x00000000000001c0       0x48 /home/rui/Projects/6Lowpan-testbed/samr21-test/bin/samr21-xpro/cortexm_common.a(vectors_cortexm.o)
 .debug_aranges
                0x0000000000000208       0x38 /home/rui/Projects/6Lowpan-testbed/samr21-test/bin/samr21-xpro/uart_stdio.a(uart_stdio.o)
 .debug_aranges
                0x0000000000000240       0x20 /home/rui/Projects/6Lowpan-testbed/samr21-test/bin/samr21-xpro/board.a(board.o)
 .debug_aranges
                0x0000000000000260       0x20 /home/rui/Projects/6Lowpan-testbed/samr21-test/bin/samr21-xpro/core.a(panic.o)
 .debug_aranges
                0x0000000000000280       0x30 /home/rui/Projects/6Lowpan-testbed/samr21-test/bin/samr21-xpro/core.a(mutex.o)
 .debug_aranges
                0x00000000000002b0       0x30 /home/rui/Projects/6Lowpan-testbed/samr21-test/bin/samr21-xpro/core.a(kernel_init.o)
 .debug_aranges
                0x00000000000002e0       0x60 /home/rui/Projects/6Lowpan-testbed/samr21-test/bin/samr21-xpro/core.a(thread.o)
 .debug_aranges
                0x0000000000000340       0x20 /home/rui/Projects/6Lowpan-testbed/samr21-test/bin/samr21-xpro/cortexm_common.a(panic.o)
 .debug_aranges
                0x0000000000000360       0x20 /home/rui/Projects/6Lowpan-testbed/samr21-test/bin/samr21-xpro/cpu.a(cpu.o)
 .debug_aranges
                0x0000000000000380       0x30 /home/rui/Projects/6Lowpan-testbed/samr21-test/bin/samr21-xpro/cpu.a(lpm_arch.o)
 .debug_aranges
                0x00000000000003b0       0x50 /home/rui/Projects/6Lowpan-testbed/samr21-test/bin/samr21-xpro/periph.a(uart.o)
 .debug_aranges
                0x0000000000000400       0x70 /home/rui/Projects/6Lowpan-testbed/samr21-test/bin/samr21-xpro/periph.a(gpio.o)
 .debug_aranges
                0x0000000000000470       0x38 /home/rui/Projects/6Lowpan-testbed/samr21-test/bin/samr21-xpro/tsrb.a(tsrb.o)
 .debug_aranges
                0x00000000000004a8       0x20 /home/rui/Projects/6Lowpan-testbed/samr21-test/bin/samr21-xpro/hello-world.a(main.o)
 .debug_aranges
                0x00000000000004c8       0x20 /home/rui/Projects/6Lowpan-testbed/samr21-test/bin/samr21-xpro/auto_init.a(auto_init.o)
 .debug_aranges
                0x00000000000004e8       0x20 /home/rui/Projects/6Lowpan-testbed/samr21-test/bin/samr21-xpro/cortexm_common.a(cortexm_init.o)

.debug_ranges   0x0000000000000000      0x668
 .debug_ranges  0x0000000000000000       0x90 /home/rui/Projects/6Lowpan-testbed/samr21-test/bin/samr21-xpro/newlib_syscalls_default/syscalls.o
 .debug_ranges  0x0000000000000090       0x10 /home/rui/Projects/6Lowpan-testbed/samr21-test/bin/samr21-xpro/cpu/vectors.o
 .debug_ranges  0x00000000000000a0       0x58 /home/rui/Projects/6Lowpan-testbed/samr21-test/bin/samr21-xpro/core.a(sched.o)
 .debug_ranges  0x00000000000000f8       0x20 /home/rui/Projects/6Lowpan-testbed/samr21-test/bin/samr21-xpro/core.a(bitarithm.o)
 .debug_ranges  0x0000000000000118       0x68 /home/rui/Projects/6Lowpan-testbed/samr21-test/bin/samr21-xpro/cortexm_common.a(thread_arch.o)
 .debug_ranges  0x0000000000000180       0x28 /home/rui/Projects/6Lowpan-testbed/samr21-test/bin/samr21-xpro/cortexm_common.a(irq_arch.o)
 .debug_ranges  0x00000000000001a8       0x38 /home/rui/Projects/6Lowpan-testbed/samr21-test/bin/samr21-xpro/cortexm_common.a(vectors_cortexm.o)
 .debug_ranges  0x00000000000001e0       0x28 /home/rui/Projects/6Lowpan-testbed/samr21-test/bin/samr21-xpro/uart_stdio.a(uart_stdio.o)
 .debug_ranges  0x0000000000000208       0x10 /home/rui/Projects/6Lowpan-testbed/samr21-test/bin/samr21-xpro/board.a(board.o)
 .debug_ranges  0x0000000000000218       0x10 /home/rui/Projects/6Lowpan-testbed/samr21-test/bin/samr21-xpro/core.a(panic.o)
 .debug_ranges  0x0000000000000228       0x50 /home/rui/Projects/6Lowpan-testbed/samr21-test/bin/samr21-xpro/core.a(mutex.o)
 .debug_ranges  0x0000000000000278       0x20 /home/rui/Projects/6Lowpan-testbed/samr21-test/bin/samr21-xpro/core.a(kernel_init.o)
 .debug_ranges  0x0000000000000298       0x68 /home/rui/Projects/6Lowpan-testbed/samr21-test/bin/samr21-xpro/core.a(thread.o)
 .debug_ranges  0x0000000000000300       0x10 /home/rui/Projects/6Lowpan-testbed/samr21-test/bin/samr21-xpro/cortexm_common.a(panic.o)
 .debug_ranges  0x0000000000000310       0x28 /home/rui/Projects/6Lowpan-testbed/samr21-test/bin/samr21-xpro/cpu.a(cpu.o)
 .debug_ranges  0x0000000000000338       0x20 /home/rui/Projects/6Lowpan-testbed/samr21-test/bin/samr21-xpro/cpu.a(lpm_arch.o)
 .debug_ranges  0x0000000000000358       0xf0 /home/rui/Projects/6Lowpan-testbed/samr21-test/bin/samr21-xpro/periph.a(uart.o)
 .debug_ranges  0x0000000000000448      0x120 /home/rui/Projects/6Lowpan-testbed/samr21-test/bin/samr21-xpro/periph.a(gpio.o)
 .debug_ranges  0x0000000000000568       0x78 /home/rui/Projects/6Lowpan-testbed/samr21-test/bin/samr21-xpro/tsrb.a(tsrb.o)
 .debug_ranges  0x00000000000005e0       0x10 /home/rui/Projects/6Lowpan-testbed/samr21-test/bin/samr21-xpro/hello-world.a(main.o)
 .debug_ranges  0x00000000000005f0       0x10 /home/rui/Projects/6Lowpan-testbed/samr21-test/bin/samr21-xpro/auto_init.a(auto_init.o)
 .debug_ranges  0x0000000000000600       0x68 /home/rui/Projects/6Lowpan-testbed/samr21-test/bin/samr21-xpro/cortexm_common.a(cortexm_init.o)

.debug_macro    0x0000000000000000    0x21bc3
 .debug_macro   0x0000000000000000      0x5ea /home/rui/Projects/6Lowpan-testbed/samr21-test/bin/samr21-xpro/newlib_syscalls_default/syscalls.o
 .debug_macro   0x00000000000005ea      0x82c /home/rui/Projects/6Lowpan-testbed/samr21-test/bin/samr21-xpro/newlib_syscalls_default/syscalls.o
 .debug_macro   0x0000000000000e16       0xa6 /home/rui/Projects/6Lowpan-testbed/samr21-test/bin/samr21-xpro/newlib_syscalls_default/syscalls.o
 .debug_macro   0x0000000000000ebc       0x4c /home/rui/Projects/6Lowpan-testbed/samr21-test/bin/samr21-xpro/newlib_syscalls_default/syscalls.o
 .debug_macro   0x0000000000000f08       0x22 /home/rui/Projects/6Lowpan-testbed/samr21-test/bin/samr21-xpro/newlib_syscalls_default/syscalls.o
 .debug_macro   0x0000000000000f2a       0x3c /home/rui/Projects/6Lowpan-testbed/samr21-test/bin/samr21-xpro/newlib_syscalls_default/syscalls.o
 .debug_macro   0x0000000000000f66       0x9c /home/rui/Projects/6Lowpan-testbed/samr21-test/bin/samr21-xpro/newlib_syscalls_default/syscalls.o
 .debug_macro   0x0000000000001002       0x10 /home/rui/Projects/6Lowpan-testbed/samr21-test/bin/samr21-xpro/newlib_syscalls_default/syscalls.o
 .debug_macro   0x0000000000001012       0x4a /home/rui/Projects/6Lowpan-testbed/samr21-test/bin/samr21-xpro/newlib_syscalls_default/syscalls.o
 .debug_macro   0x000000000000105c       0xcf /home/rui/Projects/6Lowpan-testbed/samr21-test/bin/samr21-xpro/newlib_syscalls_default/syscalls.o
 .debug_macro   0x000000000000112b      0x29d /home/rui/Projects/6Lowpan-testbed/samr21-test/bin/samr21-xpro/newlib_syscalls_default/syscalls.o
 .debug_macro   0x00000000000013c8       0x52 /home/rui/Projects/6Lowpan-testbed/samr21-test/bin/samr21-xpro/newlib_syscalls_default/syscalls.o
 .debug_macro   0x000000000000141a       0x16 /home/rui/Projects/6Lowpan-testbed/samr21-test/bin/samr21-xpro/newlib_syscalls_default/syscalls.o
 .debug_macro   0x0000000000001430       0x19 /home/rui/Projects/6Lowpan-testbed/samr21-test/bin/samr21-xpro/newlib_syscalls_default/syscalls.o
 .debug_macro   0x0000000000001449       0x22 /home/rui/Projects/6Lowpan-testbed/samr21-test/bin/samr21-xpro/newlib_syscalls_default/syscalls.o
 .debug_macro   0x000000000000146b       0xb7 /home/rui/Projects/6Lowpan-testbed/samr21-test/bin/samr21-xpro/newlib_syscalls_default/syscalls.o
 .debug_macro   0x0000000000001522       0x22 /home/rui/Projects/6Lowpan-testbed/samr21-test/bin/samr21-xpro/newlib_syscalls_default/syscalls.o
 .debug_macro   0x0000000000001544       0xbe /home/rui/Projects/6Lowpan-testbed/samr21-test/bin/samr21-xpro/newlib_syscalls_default/syscalls.o
 .debug_macro   0x0000000000001602      0x4f7 /home/rui/Projects/6Lowpan-testbed/samr21-test/bin/samr21-xpro/newlib_syscalls_default/syscalls.o
 .debug_macro   0x0000000000001af9      0x19c /home/rui/Projects/6Lowpan-testbed/samr21-test/bin/samr21-xpro/newlib_syscalls_default/syscalls.o
 .debug_macro   0x0000000000001c95       0x10 /home/rui/Projects/6Lowpan-testbed/samr21-test/bin/samr21-xpro/newlib_syscalls_default/syscalls.o
 .debug_macro   0x0000000000001ca5       0x35 /home/rui/Projects/6Lowpan-testbed/samr21-test/bin/samr21-xpro/newlib_syscalls_default/syscalls.o
 .debug_macro   0x0000000000001cda       0x10 /home/rui/Projects/6Lowpan-testbed/samr21-test/bin/samr21-xpro/newlib_syscalls_default/syscalls.o
 .debug_macro   0x0000000000001cea      0x241 /home/rui/Projects/6Lowpan-testbed/samr21-test/bin/samr21-xpro/newlib_syscalls_default/syscalls.o
 .debug_macro   0x0000000000001f2b       0x16 /home/rui/Projects/6Lowpan-testbed/samr21-test/bin/samr21-xpro/newlib_syscalls_default/syscalls.o
 .debug_macro   0x0000000000001f41       0x10 /home/rui/Projects/6Lowpan-testbed/samr21-test/bin/samr21-xpro/newlib_syscalls_default/syscalls.o
 .debug_macro   0x0000000000001f51       0x16 /home/rui/Projects/6Lowpan-testbed/samr21-test/bin/samr21-xpro/newlib_syscalls_default/syscalls.o
 .debug_macro   0x0000000000001f67      0x158 /home/rui/Projects/6Lowpan-testbed/samr21-test/bin/samr21-xpro/newlib_syscalls_default/syscalls.o
 .debug_macro   0x00000000000020bf       0x16 /home/rui/Projects/6Lowpan-testbed/samr21-test/bin/samr21-xpro/newlib_syscalls_default/syscalls.o
 .debug_macro   0x00000000000020d5       0x16 /home/rui/Projects/6Lowpan-testbed/samr21-test/bin/samr21-xpro/newlib_syscalls_default/syscalls.o
 .debug_macro   0x00000000000020eb       0x29 /home/rui/Projects/6Lowpan-testbed/samr21-test/bin/samr21-xpro/newlib_syscalls_default/syscalls.o
 .debug_macro   0x0000000000002114       0x16 /home/rui/Projects/6Lowpan-testbed/samr21-test/bin/samr21-xpro/newlib_syscalls_default/syscalls.o
 .debug_macro   0x000000000000212a       0x16 /home/rui/Projects/6Lowpan-testbed/samr21-test/bin/samr21-xpro/newlib_syscalls_default/syscalls.o
 .debug_macro   0x0000000000002140       0x10 /home/rui/Projects/6Lowpan-testbed/samr21-test/bin/samr21-xpro/newlib_syscalls_default/syscalls.o
 .debug_macro   0x0000000000002150       0x10 /home/rui/Projects/6Lowpan-testbed/samr21-test/bin/samr21-xpro/newlib_syscalls_default/syscalls.o
 .debug_macro   0x0000000000002160       0x10 /home/rui/Projects/6Lowpan-testbed/samr21-test/bin/samr21-xpro/newlib_syscalls_default/syscalls.o
 .debug_macro   0x0000000000002170       0x35 /home/rui/Projects/6Lowpan-testbed/samr21-test/bin/samr21-xpro/newlib_syscalls_default/syscalls.o
 .debug_macro   0x00000000000021a5      0x122 /home/rui/Projects/6Lowpan-testbed/samr21-test/bin/samr21-xpro/newlib_syscalls_default/syscalls.o
 .debug_macro   0x00000000000022c7       0xe3 /home/rui/Projects/6Lowpan-testbed/samr21-test/bin/samr21-xpro/newlib_syscalls_default/syscalls.o
 .debug_macro   0x00000000000023aa      0x1df /home/rui/Projects/6Lowpan-testbed/samr21-test/bin/samr21-xpro/newlib_syscalls_default/syscalls.o
 .debug_macro   0x0000000000002589       0x22 /home/rui/Projects/6Lowpan-testbed/samr21-test/bin/samr21-xpro/newlib_syscalls_default/syscalls.o
 .debug_macro   0x00000000000025ab       0x40 /home/rui/Projects/6Lowpan-testbed/samr21-test/bin/samr21-xpro/newlib_syscalls_default/syscalls.o
 .debug_macro   0x00000000000025eb       0x3a /home/rui/Projects/6Lowpan-testbed/samr21-test/bin/samr21-xpro/newlib_syscalls_default/syscalls.o
 .debug_macro   0x0000000000002625       0x26 /home/rui/Projects/6Lowpan-testbed/samr21-test/bin/samr21-xpro/newlib_syscalls_default/syscalls.o
 .debug_macro   0x000000000000264b      0x329 /home/rui/Projects/6Lowpan-testbed/samr21-test/bin/samr21-xpro/newlib_syscalls_default/syscalls.o
 .debug_macro   0x0000000000002974      0x682 /home/rui/Projects/6Lowpan-testbed/samr21-test/bin/samr21-xpro/newlib_syscalls_default/syscalls.o
 .debug_macro   0x0000000000002ff6      0x8c2 /home/rui/Projects/6Lowpan-testbed/samr21-test/bin/samr21-xpro/newlib_syscalls_default/syscalls.o
 .debug_macro   0x00000000000038b8      0xc6b /home/rui/Projects/6Lowpan-testbed/samr21-test/bin/samr21-xpro/newlib_syscalls_default/syscalls.o
 .debug_macro   0x0000000000004523      0x4ce /home/rui/Projects/6Lowpan-testbed/samr21-test/bin/samr21-xpro/newlib_syscalls_default/syscalls.o
 .debug_macro   0x00000000000049f1      0x9fc /home/rui/Projects/6Lowpan-testbed/samr21-test/bin/samr21-xpro/newlib_syscalls_default/syscalls.o
 .debug_macro   0x00000000000053ed      0x82f /home/rui/Projects/6Lowpan-testbed/samr21-test/bin/samr21-xpro/newlib_syscalls_default/syscalls.o
 .debug_macro   0x0000000000005c1c      0x25d /home/rui/Projects/6Lowpan-testbed/samr21-test/bin/samr21-xpro/newlib_syscalls_default/syscalls.o
 .debug_macro   0x0000000000005e79      0x226 /home/rui/Projects/6Lowpan-testbed/samr21-test/bin/samr21-xpro/newlib_syscalls_default/syscalls.o
 .debug_macro   0x000000000000609f      0x77d /home/rui/Projects/6Lowpan-testbed/samr21-test/bin/samr21-xpro/newlib_syscalls_default/syscalls.o
 .debug_macro   0x000000000000681c       0x5e /home/rui/Projects/6Lowpan-testbed/samr21-test/bin/samr21-xpro/newlib_syscalls_default/syscalls.o
 .debug_macro   0x000000000000687a      0x5ff /home/rui/Projects/6Lowpan-testbed/samr21-test/bin/samr21-xpro/newlib_syscalls_default/syscalls.o
 .debug_macro   0x0000000000006e79      0x3b9 /home/rui/Projects/6Lowpan-testbed/samr21-test/bin/samr21-xpro/newlib_syscalls_default/syscalls.o
 .debug_macro   0x0000000000007232       0x94 /home/rui/Projects/6Lowpan-testbed/samr21-test/bin/samr21-xpro/newlib_syscalls_default/syscalls.o
 .debug_macro   0x00000000000072c6      0xc55 /home/rui/Projects/6Lowpan-testbed/samr21-test/bin/samr21-xpro/newlib_syscalls_default/syscalls.o
 .debug_macro   0x0000000000007f1b     0x1094 /home/rui/Projects/6Lowpan-testbed/samr21-test/bin/samr21-xpro/newlib_syscalls_default/syscalls.o
 .debug_macro   0x0000000000008faf      0xc4a /home/rui/Projects/6Lowpan-testbed/samr21-test/bin/samr21-xpro/newlib_syscalls_default/syscalls.o
 .debug_macro   0x0000000000009bf9      0x6c3 /home/rui/Projects/6Lowpan-testbed/samr21-test/bin/samr21-xpro/newlib_syscalls_default/syscalls.o
 .debug_macro   0x000000000000a2bc     0x1877 /home/rui/Projects/6Lowpan-testbed/samr21-test/bin/samr21-xpro/newlib_syscalls_default/syscalls.o
 .debug_macro   0x000000000000bb33     0x13be /home/rui/Projects/6Lowpan-testbed/samr21-test/bin/samr21-xpro/newlib_syscalls_default/syscalls.o
 .debug_macro   0x000000000000cef1      0x352 /home/rui/Projects/6Lowpan-testbed/samr21-test/bin/samr21-xpro/newlib_syscalls_default/syscalls.o
 .debug_macro   0x000000000000d243       0x7c /home/rui/Projects/6Lowpan-testbed/samr21-test/bin/samr21-xpro/newlib_syscalls_default/syscalls.o
 .debug_macro   0x000000000000d2bf       0xa0 /home/rui/Projects/6Lowpan-testbed/samr21-test/bin/samr21-xpro/newlib_syscalls_default/syscalls.o
 .debug_macro   0x000000000000d35f       0xc4 /home/rui/Projects/6Lowpan-testbed/samr21-test/bin/samr21-xpro/newlib_syscalls_default/syscalls.o
 .debug_macro   0x000000000000d423       0x94 /home/rui/Projects/6Lowpan-testbed/samr21-test/bin/samr21-xpro/newlib_syscalls_default/syscalls.o
 .debug_macro   0x000000000000d4b7       0x58 /home/rui/Projects/6Lowpan-testbed/samr21-test/bin/samr21-xpro/newlib_syscalls_default/syscalls.o
 .debug_macro   0x000000000000d50f      0x368 /home/rui/Projects/6Lowpan-testbed/samr21-test/bin/samr21-xpro/newlib_syscalls_default/syscalls.o
 .debug_macro   0x000000000000d877       0x82 /home/rui/Projects/6Lowpan-testbed/samr21-test/bin/samr21-xpro/newlib_syscalls_default/syscalls.o
 .debug_macro   0x000000000000d8f9       0xa0 /home/rui/Projects/6Lowpan-testbed/samr21-test/bin/samr21-xpro/newlib_syscalls_default/syscalls.o
 .debug_macro   0x000000000000d999       0xb8 /home/rui/Projects/6Lowpan-testbed/samr21-test/bin/samr21-xpro/newlib_syscalls_default/syscalls.o
 .debug_macro   0x000000000000da51       0x1c /home/rui/Projects/6Lowpan-testbed/samr21-test/bin/samr21-xpro/newlib_syscalls_default/syscalls.o
 .debug_macro   0x000000000000da6d       0x1c /home/rui/Projects/6Lowpan-testbed/samr21-test/bin/samr21-xpro/newlib_syscalls_default/syscalls.o
 .debug_macro   0x000000000000da89       0x1c /home/rui/Projects/6Lowpan-testbed/samr21-test/bin/samr21-xpro/newlib_syscalls_default/syscalls.o
 .debug_macro   0x000000000000daa5       0x7c /home/rui/Projects/6Lowpan-testbed/samr21-test/bin/samr21-xpro/newlib_syscalls_default/syscalls.o
 .debug_macro   0x000000000000db21      0x1ca /home/rui/Projects/6Lowpan-testbed/samr21-test/bin/samr21-xpro/newlib_syscalls_default/syscalls.o
 .debug_macro   0x000000000000dceb       0x16 /home/rui/Projects/6Lowpan-testbed/samr21-test/bin/samr21-xpro/newlib_syscalls_default/syscalls.o
 .debug_macro   0x000000000000dd01       0xdc /home/rui/Projects/6Lowpan-testbed/samr21-test/bin/samr21-xpro/newlib_syscalls_default/syscalls.o
 .debug_macro   0x000000000000dddd      0x133 /home/rui/Projects/6Lowpan-testbed/samr21-test/bin/samr21-xpro/newlib_syscalls_default/syscalls.o
 .debug_macro   0x000000000000df10      0x133 /home/rui/Projects/6Lowpan-testbed/samr21-test/bin/samr21-xpro/newlib_syscalls_default/syscalls.o
 .debug_macro   0x000000000000e043      0x133 /home/rui/Projects/6Lowpan-testbed/samr21-test/bin/samr21-xpro/newlib_syscalls_default/syscalls.o
 .debug_macro   0x000000000000e176      0x133 /home/rui/Projects/6Lowpan-testbed/samr21-test/bin/samr21-xpro/newlib_syscalls_default/syscalls.o
 .debug_macro   0x000000000000e2a9      0x133 /home/rui/Projects/6Lowpan-testbed/samr21-test/bin/samr21-xpro/newlib_syscalls_default/syscalls.o
 .debug_macro   0x000000000000e3dc      0x133 /home/rui/Projects/6Lowpan-testbed/samr21-test/bin/samr21-xpro/newlib_syscalls_default/syscalls.o
 .debug_macro   0x000000000000e50f      0x11e /home/rui/Projects/6Lowpan-testbed/samr21-test/bin/samr21-xpro/newlib_syscalls_default/syscalls.o
 .debug_macro   0x000000000000e62d       0xe2 /home/rui/Projects/6Lowpan-testbed/samr21-test/bin/samr21-xpro/newlib_syscalls_default/syscalls.o
 .debug_macro   0x000000000000e70f       0xe2 /home/rui/Projects/6Lowpan-testbed/samr21-test/bin/samr21-xpro/newlib_syscalls_default/syscalls.o
 .debug_macro   0x000000000000e7f1       0xe2 /home/rui/Projects/6Lowpan-testbed/samr21-test/bin/samr21-xpro/newlib_syscalls_default/syscalls.o
 .debug_macro   0x000000000000e8d3      0x130 /home/rui/Projects/6Lowpan-testbed/samr21-test/bin/samr21-xpro/newlib_syscalls_default/syscalls.o
 .debug_macro   0x000000000000ea03      0x100 /home/rui/Projects/6Lowpan-testbed/samr21-test/bin/samr21-xpro/newlib_syscalls_default/syscalls.o
 .debug_macro   0x000000000000eb03       0xf4 /home/rui/Projects/6Lowpan-testbed/samr21-test/bin/samr21-xpro/newlib_syscalls_default/syscalls.o
 .debug_macro   0x000000000000ebf7      0x408 /home/rui/Projects/6Lowpan-testbed/samr21-test/bin/samr21-xpro/newlib_syscalls_default/syscalls.o
 .debug_macro   0x000000000000efff       0x40 /home/rui/Projects/6Lowpan-testbed/samr21-test/bin/samr21-xpro/newlib_syscalls_default/syscalls.o
 .debug_macro   0x000000000000f03f      0x329 /home/rui/Projects/6Lowpan-testbed/samr21-test/bin/samr21-xpro/newlib_syscalls_default/syscalls.o
 .debug_macro   0x000000000000f368     0x197f /home/rui/Projects/6Lowpan-testbed/samr21-test/bin/samr21-xpro/newlib_syscalls_default/syscalls.o
 .debug_macro   0x0000000000010ce7       0x58 /home/rui/Projects/6Lowpan-testbed/samr21-test/bin/samr21-xpro/newlib_syscalls_default/syscalls.o
 .debug_macro   0x0000000000010d3f       0x16 /home/rui/Projects/6Lowpan-testbed/samr21-test/bin/samr21-xpro/newlib_syscalls_default/syscalls.o
 .debug_macro   0x0000000000010d55       0x22 /home/rui/Projects/6Lowpan-testbed/samr21-test/bin/samr21-xpro/newlib_syscalls_default/syscalls.o
 .debug_macro   0x0000000000010d77       0x22 /home/rui/Projects/6Lowpan-testbed/samr21-test/bin/samr21-xpro/newlib_syscalls_default/syscalls.o
 .debug_macro   0x0000000000010d99       0x3a /home/rui/Projects/6Lowpan-testbed/samr21-test/bin/samr21-xpro/newlib_syscalls_default/syscalls.o
 .debug_macro   0x0000000000010dd3       0x10 /home/rui/Projects/6Lowpan-testbed/samr21-test/bin/samr21-xpro/newlib_syscalls_default/syscalls.o
 .debug_macro   0x0000000000010de3      0x1d8 /home/rui/Projects/6Lowpan-testbed/samr21-test/bin/samr21-xpro/newlib_syscalls_default/syscalls.o
 .debug_macro   0x0000000000010fbb       0x4c /home/rui/Projects/6Lowpan-testbed/samr21-test/bin/samr21-xpro/newlib_syscalls_default/syscalls.o
 .debug_macro   0x0000000000011007       0x28 /home/rui/Projects/6Lowpan-testbed/samr21-test/bin/samr21-xpro/newlib_syscalls_default/syscalls.o
 .debug_macro   0x000000000001102f       0xdc /home/rui/Projects/6Lowpan-testbed/samr21-test/bin/samr21-xpro/newlib_syscalls_default/syscalls.o
 .debug_macro   0x000000000001110b       0x10 /home/rui/Projects/6Lowpan-testbed/samr21-test/bin/samr21-xpro/newlib_syscalls_default/syscalls.o
 .debug_macro   0x000000000001111b      0x45d /home/rui/Projects/6Lowpan-testbed/samr21-test/bin/samr21-xpro/newlib_syscalls_default/syscalls.o
 .debug_macro   0x0000000000011578       0x16 /home/rui/Projects/6Lowpan-testbed/samr21-test/bin/samr21-xpro/newlib_syscalls_default/syscalls.o
 .debug_macro   0x000000000001158e      0x11e /home/rui/Projects/6Lowpan-testbed/samr21-test/bin/samr21-xpro/newlib_syscalls_default/syscalls.o
 .debug_macro   0x00000000000116ac       0x19 /home/rui/Projects/6Lowpan-testbed/samr21-test/bin/samr21-xpro/newlib_syscalls_default/syscalls.o
 .debug_macro   0x00000000000116c5       0x28 /home/rui/Projects/6Lowpan-testbed/samr21-test/bin/samr21-xpro/newlib_syscalls_default/syscalls.o
 .debug_macro   0x00000000000116ed       0x12 /home/rui/Projects/6Lowpan-testbed/samr21-test/bin/samr21-xpro/newlib_syscalls_default/syscalls.o
 .debug_macro   0x00000000000116ff       0x1c /home/rui/Projects/6Lowpan-testbed/samr21-test/bin/samr21-xpro/newlib_syscalls_default/syscalls.o
 .debug_macro   0x000000000001171b       0x91 /home/rui/Projects/6Lowpan-testbed/samr21-test/bin/samr21-xpro/newlib_syscalls_default/syscalls.o
 .debug_macro   0x00000000000117ac       0x34 /home/rui/Projects/6Lowpan-testbed/samr21-test/bin/samr21-xpro/newlib_syscalls_default/syscalls.o
 .debug_macro   0x00000000000117e0       0x1c /home/rui/Projects/6Lowpan-testbed/samr21-test/bin/samr21-xpro/newlib_syscalls_default/syscalls.o
 .debug_macro   0x00000000000117fc       0x5c /home/rui/Projects/6Lowpan-testbed/samr21-test/bin/samr21-xpro/cpu/vectors.o
 .debug_macro   0x0000000000011858      0x82c /home/rui/Projects/6Lowpan-testbed/samr21-test/bin/samr21-xpro/cpu/vectors.o
 .debug_macro   0x0000000000012084       0x44 /home/rui/Projects/6Lowpan-testbed/samr21-test/bin/samr21-xpro/cpu/vectors.o
 .debug_macro   0x00000000000120c8       0x16 /home/rui/Projects/6Lowpan-testbed/samr21-test/bin/samr21-xpro/cpu/vectors.o
 .debug_macro   0x00000000000120de      0x4d6 /home/rui/Projects/6Lowpan-testbed/samr21-test/bin/samr21-xpro/core.a(sched.o)
 .debug_macro   0x00000000000125b4      0x82c /home/rui/Projects/6Lowpan-testbed/samr21-test/bin/samr21-xpro/core.a(sched.o)
 .debug_macro   0x0000000000012de0      0x16d /home/rui/Projects/6Lowpan-testbed/samr21-test/bin/samr21-xpro/core.a(sched.o)
 .debug_macro   0x0000000000012f4d       0xa2 /home/rui/Projects/6Lowpan-testbed/samr21-test/bin/samr21-xpro/core.a(sched.o)
 .debug_macro   0x0000000000012fef       0x43 /home/rui/Projects/6Lowpan-testbed/samr21-test/bin/samr21-xpro/core.a(sched.o)
 .debug_macro   0x0000000000013032       0x2e /home/rui/Projects/6Lowpan-testbed/samr21-test/bin/samr21-xpro/core.a(sched.o)
 .debug_macro   0x0000000000013060      0x16d /home/rui/Projects/6Lowpan-testbed/samr21-test/bin/samr21-xpro/core.a(sched.o)
 .debug_macro   0x00000000000131cd       0x16 /home/rui/Projects/6Lowpan-testbed/samr21-test/bin/samr21-xpro/core.a(sched.o)
 .debug_macro   0x00000000000131e3      0x116 /home/rui/Projects/6Lowpan-testbed/samr21-test/bin/samr21-xpro/core.a(bitarithm.o)
 .debug_macro   0x00000000000132f9      0x82c /home/rui/Projects/6Lowpan-testbed/samr21-test/bin/samr21-xpro/core.a(bitarithm.o)
 .debug_macro   0x0000000000013b25       0x97 /home/rui/Projects/6Lowpan-testbed/samr21-test/bin/samr21-xpro/core.a(bitarithm.o)
 .debug_macro   0x0000000000013bbc       0xf6 /home/rui/Projects/6Lowpan-testbed/samr21-test/bin/samr21-xpro/core.a(bitarithm.o)
 .debug_macro   0x0000000000013cb2       0x10 /home/rui/Projects/6Lowpan-testbed/samr21-test/bin/samr21-xpro/core.a(bitarithm.o)
 .debug_macro   0x0000000000013cc2      0x4c1 /home/rui/Projects/6Lowpan-testbed/samr21-test/bin/samr21-xpro/cortexm_common.a(thread_arch.o)
 .debug_macro   0x0000000000014183      0x82c /home/rui/Projects/6Lowpan-testbed/samr21-test/bin/samr21-xpro/cortexm_common.a(thread_arch.o)
 .debug_macro   0x00000000000149af       0x10 /home/rui/Projects/6Lowpan-testbed/samr21-test/bin/samr21-xpro/cortexm_common.a(thread_arch.o)
 .debug_macro   0x00000000000149bf      0x3c5 /home/rui/Projects/6Lowpan-testbed/samr21-test/bin/samr21-xpro/cortexm_common.a(irq_arch.o)
 .debug_macro   0x0000000000014d84      0x82c /home/rui/Projects/6Lowpan-testbed/samr21-test/bin/samr21-xpro/cortexm_common.a(irq_arch.o)
 .debug_macro   0x00000000000155b0      0x44b /home/rui/Projects/6Lowpan-testbed/samr21-test/bin/samr21-xpro/cortexm_common.a(vectors_cortexm.o)
 .debug_macro   0x00000000000159fb      0x82c /home/rui/Projects/6Lowpan-testbed/samr21-test/bin/samr21-xpro/cortexm_common.a(vectors_cortexm.o)
 .debug_macro   0x0000000000016227      0x566 /home/rui/Projects/6Lowpan-testbed/samr21-test/bin/samr21-xpro/uart_stdio.a(uart_stdio.o)
 .debug_macro   0x000000000001678d      0x82c /home/rui/Projects/6Lowpan-testbed/samr21-test/bin/samr21-xpro/uart_stdio.a(uart_stdio.o)
 .debug_macro   0x0000000000016fb9       0x16 /home/rui/Projects/6Lowpan-testbed/samr21-test/bin/samr21-xpro/uart_stdio.a(uart_stdio.o)
 .debug_macro   0x0000000000016fcf       0x17 /home/rui/Projects/6Lowpan-testbed/samr21-test/bin/samr21-xpro/uart_stdio.a(uart_stdio.o)
 .debug_macro   0x0000000000016fe6       0x10 /home/rui/Projects/6Lowpan-testbed/samr21-test/bin/samr21-xpro/uart_stdio.a(uart_stdio.o)
 .debug_macro   0x0000000000016ff6      0x427 /home/rui/Projects/6Lowpan-testbed/samr21-test/bin/samr21-xpro/board.a(board.o)
 .debug_macro   0x000000000001741d      0x82c /home/rui/Projects/6Lowpan-testbed/samr21-test/bin/samr21-xpro/board.a(board.o)
 .debug_macro   0x0000000000017c49      0x43d /home/rui/Projects/6Lowpan-testbed/samr21-test/bin/samr21-xpro/core.a(panic.o)
 .debug_macro   0x0000000000018086      0x82c /home/rui/Projects/6Lowpan-testbed/samr21-test/bin/samr21-xpro/core.a(panic.o)
 .debug_macro   0x00000000000188b2       0x10 /home/rui/Projects/6Lowpan-testbed/samr21-test/bin/samr21-xpro/core.a(panic.o)
 .debug_macro   0x00000000000188c2       0x1c /home/rui/Projects/6Lowpan-testbed/samr21-test/bin/samr21-xpro/core.a(panic.o)
 .debug_macro   0x00000000000188de       0x2e /home/rui/Projects/6Lowpan-testbed/samr21-test/bin/samr21-xpro/core.a(panic.o)
 .debug_macro   0x000000000001890c      0x4e8 /home/rui/Projects/6Lowpan-testbed/samr21-test/bin/samr21-xpro/core.a(mutex.o)
 .debug_macro   0x0000000000018df4      0x82c /home/rui/Projects/6Lowpan-testbed/samr21-test/bin/samr21-xpro/core.a(mutex.o)
 .debug_macro   0x0000000000019620      0x1e5 /home/rui/Projects/6Lowpan-testbed/samr21-test/bin/samr21-xpro/core.a(mutex.o)
 .debug_macro   0x0000000000019805      0x505 /home/rui/Projects/6Lowpan-testbed/samr21-test/bin/samr21-xpro/core.a(kernel_init.o)
 .debug_macro   0x0000000000019d0a      0x82c /home/rui/Projects/6Lowpan-testbed/samr21-test/bin/samr21-xpro/core.a(kernel_init.o)
 .debug_macro   0x000000000001a536      0x23b /home/rui/Projects/6Lowpan-testbed/samr21-test/bin/samr21-xpro/core.a(kernel_init.o)
 .debug_macro   0x000000000001a771      0x4dd /home/rui/Projects/6Lowpan-testbed/samr21-test/bin/samr21-xpro/core.a(thread.o)
 .debug_macro   0x000000000001ac4e      0x82c /home/rui/Projects/6Lowpan-testbed/samr21-test/bin/samr21-xpro/core.a(thread.o)
 .debug_macro   0x000000000001b47a      0x3dd /home/rui/Projects/6Lowpan-testbed/samr21-test/bin/samr21-xpro/cortexm_common.a(panic.o)
 .debug_macro   0x000000000001b857      0x82c /home/rui/Projects/6Lowpan-testbed/samr21-test/bin/samr21-xpro/cortexm_common.a(panic.o)
 .debug_macro   0x000000000001c083      0x3e8 /home/rui/Projects/6Lowpan-testbed/samr21-test/bin/samr21-xpro/cpu.a(cpu.o)
 .debug_macro   0x000000000001c46b      0x82c /home/rui/Projects/6Lowpan-testbed/samr21-test/bin/samr21-xpro/cpu.a(cpu.o)
 .debug_macro   0x000000000001cc97       0x23 /home/rui/Projects/6Lowpan-testbed/samr21-test/bin/samr21-xpro/cpu.a(lpm_arch.o)
 .debug_macro   0x000000000001ccba      0x82c /home/rui/Projects/6Lowpan-testbed/samr21-test/bin/samr21-xpro/cpu.a(lpm_arch.o)
 .debug_macro   0x000000000001d4e6      0x4fe /home/rui/Projects/6Lowpan-testbed/samr21-test/bin/samr21-xpro/periph.a(uart.o)
 .debug_macro   0x000000000001d9e4      0x82c /home/rui/Projects/6Lowpan-testbed/samr21-test/bin/samr21-xpro/periph.a(uart.o)
 .debug_macro   0x000000000001e210      0x1de /home/rui/Projects/6Lowpan-testbed/samr21-test/bin/samr21-xpro/periph.a(uart.o)
 .debug_macro   0x000000000001e3ee      0x50c /home/rui/Projects/6Lowpan-testbed/samr21-test/bin/samr21-xpro/periph.a(gpio.o)
 .debug_macro   0x000000000001e8fa      0x82c /home/rui/Projects/6Lowpan-testbed/samr21-test/bin/samr21-xpro/periph.a(gpio.o)
 .debug_macro   0x000000000001f126       0x60 /home/rui/Projects/6Lowpan-testbed/samr21-test/bin/samr21-xpro/tsrb.a(tsrb.o)
 .debug_macro   0x000000000001f186      0x82c /home/rui/Projects/6Lowpan-testbed/samr21-test/bin/samr21-xpro/tsrb.a(tsrb.o)
 .debug_macro   0x000000000001f9b2      0x116 /home/rui/Projects/6Lowpan-testbed/samr21-test/bin/samr21-xpro/hello-world.a(main.o)
 .debug_macro   0x000000000001fac8      0x82c /home/rui/Projects/6Lowpan-testbed/samr21-test/bin/samr21-xpro/hello-world.a(main.o)
 .debug_macro   0x00000000000202f4      0x4b0 /home/rui/Projects/6Lowpan-testbed/samr21-test/bin/samr21-xpro/auto_init.a(auto_init.o)
 .debug_macro   0x00000000000207a4      0x82c /home/rui/Projects/6Lowpan-testbed/samr21-test/bin/samr21-xpro/auto_init.a(auto_init.o)
 .debug_macro   0x0000000000020fd0      0x3c7 /home/rui/Projects/6Lowpan-testbed/samr21-test/bin/samr21-xpro/cortexm_common.a(cortexm_init.o)
 .debug_macro   0x0000000000021397      0x82c /home/rui/Projects/6Lowpan-testbed/samr21-test/bin/samr21-xpro/cortexm_common.a(cortexm_init.o)

.debug_line     0x0000000000000000     0xac60
 .debug_line    0x0000000000000000      0xbbe /home/rui/Projects/6Lowpan-testbed/samr21-test/bin/samr21-xpro/newlib_syscalls_default/syscalls.o
 .debug_line    0x0000000000000bbe      0x186 /home/rui/Projects/6Lowpan-testbed/samr21-test/bin/samr21-xpro/cpu/vectors.o
 .debug_line    0x0000000000000d44      0x987 /home/rui/Projects/6Lowpan-testbed/samr21-test/bin/samr21-xpro/core.a(sched.o)
 .debug_line    0x00000000000016cb      0x24d /home/rui/Projects/6Lowpan-testbed/samr21-test/bin/samr21-xpro/core.a(bitarithm.o)
 .debug_line    0x0000000000001918      0x9fc /home/rui/Projects/6Lowpan-testbed/samr21-test/bin/samr21-xpro/cortexm_common.a(thread_arch.o)
 .debug_line    0x0000000000002314      0x85b /home/rui/Projects/6Lowpan-testbed/samr21-test/bin/samr21-xpro/cortexm_common.a(irq_arch.o)
 .debug_line    0x0000000000002b6f      0x9b9 /home/rui/Projects/6Lowpan-testbed/samr21-test/bin/samr21-xpro/cortexm_common.a(vectors_cortexm.o)
 .debug_line    0x0000000000003528      0xa7c /home/rui/Projects/6Lowpan-testbed/samr21-test/bin/samr21-xpro/uart_stdio.a(uart_stdio.o)
 .debug_line    0x0000000000003fa4      0x924 /home/rui/Projects/6Lowpan-testbed/samr21-test/bin/samr21-xpro/board.a(board.o)
 .debug_line    0x00000000000048c8      0x884 /home/rui/Projects/6Lowpan-testbed/samr21-test/bin/samr21-xpro/core.a(panic.o)
 .debug_line    0x000000000000514c      0x97a /home/rui/Projects/6Lowpan-testbed/samr21-test/bin/samr21-xpro/core.a(mutex.o)
 .debug_line    0x0000000000005ac6      0x995 /home/rui/Projects/6Lowpan-testbed/samr21-test/bin/samr21-xpro/core.a(kernel_init.o)
 .debug_line    0x000000000000645b      0xa4a /home/rui/Projects/6Lowpan-testbed/samr21-test/bin/samr21-xpro/core.a(thread.o)
 .debug_line    0x0000000000006ea5      0x82c /home/rui/Projects/6Lowpan-testbed/samr21-test/bin/samr21-xpro/cortexm_common.a(panic.o)
 .debug_line    0x00000000000076d1      0x8ae /home/rui/Projects/6Lowpan-testbed/samr21-test/bin/samr21-xpro/cpu.a(cpu.o)
 .debug_line    0x0000000000007f7f      0x106 /home/rui/Projects/6Lowpan-testbed/samr21-test/bin/samr21-xpro/cpu.a(lpm_arch.o)
 .debug_line    0x0000000000008085      0xb02 /home/rui/Projects/6Lowpan-testbed/samr21-test/bin/samr21-xpro/periph.a(uart.o)
 .debug_line    0x0000000000008b87      0xb74 /home/rui/Projects/6Lowpan-testbed/samr21-test/bin/samr21-xpro/periph.a(gpio.o)
 .debug_line    0x00000000000096fb      0x1e6 /home/rui/Projects/6Lowpan-testbed/samr21-test/bin/samr21-xpro/tsrb.a(tsrb.o)
 .debug_line    0x00000000000098e1      0x225 /home/rui/Projects/6Lowpan-testbed/samr21-test/bin/samr21-xpro/hello-world.a(main.o)
 .debug_line    0x0000000000009b06      0x916 /home/rui/Projects/6Lowpan-testbed/samr21-test/bin/samr21-xpro/auto_init.a(auto_init.o)
 .debug_line    0x000000000000a41c      0x844 /home/rui/Projects/6Lowpan-testbed/samr21-test/bin/samr21-xpro/cortexm_common.a(cortexm_init.o)

.debug_str      0x0000000000000000    0x6bd58
 .debug_str     0x0000000000000000    0x691be /home/rui/Projects/6Lowpan-testbed/samr21-test/bin/samr21-xpro/newlib_syscalls_default/syscalls.o
                                      0x6961a (size before relaxing)
 .debug_str     0x00000000000691be      0x131 /home/rui/Projects/6Lowpan-testbed/samr21-test/bin/samr21-xpro/cpu/vectors.o
                                       0x3341 (size before relaxing)
 .debug_str     0x00000000000692ef      0x344 /home/rui/Projects/6Lowpan-testbed/samr21-test/bin/samr21-xpro/core.a(sched.o)
                                      0x665f8 (size before relaxing)
 .debug_str     0x0000000000069633       0x8b /home/rui/Projects/6Lowpan-testbed/samr21-test/bin/samr21-xpro/core.a(bitarithm.o)
                                       0x5e85 (size before relaxing)
 .debug_str     0x00000000000696be      0x211 /home/rui/Projects/6Lowpan-testbed/samr21-test/bin/samr21-xpro/cortexm_common.a(thread_arch.o)
                                      0x66476 (size before relaxing)
 .debug_str     0x00000000000698cf       0xcd /home/rui/Projects/6Lowpan-testbed/samr21-test/bin/samr21-xpro/cortexm_common.a(irq_arch.o)
                                      0x644bd (size before relaxing)
 .debug_str     0x000000000006999c      0x2aa /home/rui/Projects/6Lowpan-testbed/samr21-test/bin/samr21-xpro/cortexm_common.a(vectors_cortexm.o)
                                      0x66b42 (size before relaxing)
 .debug_str     0x0000000000069c46      0x223 /home/rui/Projects/6Lowpan-testbed/samr21-test/bin/samr21-xpro/uart_stdio.a(uart_stdio.o)
                                      0x6775f (size before relaxing)
 .debug_str     0x0000000000069e69      0x256 /home/rui/Projects/6Lowpan-testbed/samr21-test/bin/samr21-xpro/board.a(board.o)
                                      0x65c11 (size before relaxing)
 .debug_str     0x000000000006a0bf      0x16d /home/rui/Projects/6Lowpan-testbed/samr21-test/bin/samr21-xpro/core.a(panic.o)
                                      0x6493b (size before relaxing)
 .debug_str     0x000000000006a22c       0xd5 /home/rui/Projects/6Lowpan-testbed/samr21-test/bin/samr21-xpro/core.a(mutex.o)
                                      0x664c0 (size before relaxing)
 .debug_str     0x000000000006a301      0x12d /home/rui/Projects/6Lowpan-testbed/samr21-test/bin/samr21-xpro/core.a(kernel_init.o)
                                      0x669e6 (size before relaxing)
 .debug_str     0x000000000006a42e      0x15f /home/rui/Projects/6Lowpan-testbed/samr21-test/bin/samr21-xpro/core.a(thread.o)
                                      0x66a7b (size before relaxing)
 .debug_str     0x000000000006a58d       0x6a /home/rui/Projects/6Lowpan-testbed/samr21-test/bin/samr21-xpro/cortexm_common.a(panic.o)
                                      0x646c4 (size before relaxing)
 .debug_str     0x000000000006a5f7      0x857 /home/rui/Projects/6Lowpan-testbed/samr21-test/bin/samr21-xpro/cpu.a(cpu.o)
                                      0x65c8d (size before relaxing)
 .debug_str     0x000000000006ae4e       0x7a /home/rui/Projects/6Lowpan-testbed/samr21-test/bin/samr21-xpro/cpu.a(lpm_arch.o)
                                       0x2744 (size before relaxing)
 .debug_str     0x000000000006aec8      0x6f2 /home/rui/Projects/6Lowpan-testbed/samr21-test/bin/samr21-xpro/periph.a(uart.o)
                                      0x67da5 (size before relaxing)
 .debug_str     0x000000000006b5ba      0x4e0 /home/rui/Projects/6Lowpan-testbed/samr21-test/bin/samr21-xpro/periph.a(gpio.o)
                                      0x67e1f (size before relaxing)
 .debug_str     0x000000000006ba9a       0x99 /home/rui/Projects/6Lowpan-testbed/samr21-test/bin/samr21-xpro/tsrb.a(tsrb.o)
                                       0x2bbc (size before relaxing)
 .debug_str     0x000000000006bb33       0xca /home/rui/Projects/6Lowpan-testbed/samr21-test/bin/samr21-xpro/hello-world.a(main.o)
                                       0x5eae (size before relaxing)
 .debug_str     0x000000000006bbfd       0x9e /home/rui/Projects/6Lowpan-testbed/samr21-test/bin/samr21-xpro/auto_init.a(auto_init.o)
                                      0x661e5 (size before relaxing)
 .debug_str     0x000000000006bc9b       0xbd /home/rui/Projects/6Lowpan-testbed/samr21-test/bin/samr21-xpro/cortexm_common.a(cortexm_init.o)
                                      0x6468c (size before relaxing)

.comment        0x0000000000000000       0x6e
 .comment       0x0000000000000000       0x6e /home/rui/Projects/6Lowpan-testbed/samr21-test/bin/samr21-xpro/newlib_syscalls_default/syscalls.o
                                         0x6f (size before relaxing)
 .comment       0x000000000000006e       0x6f /home/rui/Projects/6Lowpan-testbed/samr21-test/bin/samr21-xpro/cpu/vectors.o
 .comment       0x000000000000006e       0x6f /home/rui/Projects/6Lowpan-testbed/samr21-test/bin/samr21-xpro/core.a(sched.o)
 .comment       0x000000000000006e       0x6f /home/rui/Projects/6Lowpan-testbed/samr21-test/bin/samr21-xpro/core.a(bitarithm.o)
 .comment       0x000000000000006e       0x6f /home/rui/Projects/6Lowpan-testbed/samr21-test/bin/samr21-xpro/cortexm_common.a(thread_arch.o)
 .comment       0x000000000000006e       0x6f /home/rui/Projects/6Lowpan-testbed/samr21-test/bin/samr21-xpro/cortexm_common.a(irq_arch.o)
 .comment       0x000000000000006e       0x6f /home/rui/Projects/6Lowpan-testbed/samr21-test/bin/samr21-xpro/cortexm_common.a(vectors_cortexm.o)
 .comment       0x000000000000006e       0x6f /home/rui/Projects/6Lowpan-testbed/samr21-test/bin/samr21-xpro/uart_stdio.a(uart_stdio.o)
 .comment       0x000000000000006e       0x6f /home/rui/Projects/6Lowpan-testbed/samr21-test/bin/samr21-xpro/board.a(board.o)
 .comment       0x000000000000006e       0x6f /home/rui/Projects/6Lowpan-testbed/samr21-test/bin/samr21-xpro/core.a(panic.o)
 .comment       0x000000000000006e       0x6f /home/rui/Projects/6Lowpan-testbed/samr21-test/bin/samr21-xpro/core.a(mutex.o)
 .comment       0x000000000000006e       0x6f /home/rui/Projects/6Lowpan-testbed/samr21-test/bin/samr21-xpro/core.a(kernel_init.o)
 .comment       0x000000000000006e       0x6f /home/rui/Projects/6Lowpan-testbed/samr21-test/bin/samr21-xpro/core.a(thread.o)
 .comment       0x000000000000006e       0x6f /home/rui/Projects/6Lowpan-testbed/samr21-test/bin/samr21-xpro/cortexm_common.a(panic.o)
 .comment       0x000000000000006e       0x6f /home/rui/Projects/6Lowpan-testbed/samr21-test/bin/samr21-xpro/cpu.a(cpu.o)
 .comment       0x000000000000006e       0x6f /home/rui/Projects/6Lowpan-testbed/samr21-test/bin/samr21-xpro/cpu.a(lpm_arch.o)
 .comment       0x000000000000006e       0x6f /home/rui/Projects/6Lowpan-testbed/samr21-test/bin/samr21-xpro/periph.a(uart.o)
 .comment       0x000000000000006e       0x6f /home/rui/Projects/6Lowpan-testbed/samr21-test/bin/samr21-xpro/periph.a(gpio.o)
 .comment       0x000000000000006e       0x6f /home/rui/Projects/6Lowpan-testbed/samr21-test/bin/samr21-xpro/tsrb.a(tsrb.o)
 .comment       0x000000000000006e       0x6f /home/rui/Projects/6Lowpan-testbed/samr21-test/bin/samr21-xpro/hello-world.a(main.o)
 .comment       0x000000000000006e       0x6f /home/rui/Projects/6Lowpan-testbed/samr21-test/bin/samr21-xpro/auto_init.a(auto_init.o)
 .comment       0x000000000000006e       0x6f /home/rui/Projects/6Lowpan-testbed/samr21-test/bin/samr21-xpro/cortexm_common.a(cortexm_init.o)

.ARM.attributes
                0x0000000000000000       0x32
 .ARM.attributes
                0x0000000000000000       0x32 /home/rui/Projects/6Lowpan-testbed/samr21-test/bin/samr21-xpro/newlib_syscalls_default/syscalls.o
 .ARM.attributes
                0x0000000000000032       0x32 /home/rui/Projects/6Lowpan-testbed/samr21-test/bin/samr21-xpro/cpu/vectors.o
 .ARM.attributes
                0x0000000000000064       0x32 /home/rui/Projects/6Lowpan-testbed/samr21-test/bin/samr21-xpro/core.a(sched.o)
 .ARM.attributes
                0x0000000000000096       0x32 /home/rui/Projects/6Lowpan-testbed/samr21-test/bin/samr21-xpro/core.a(bitarithm.o)
 .ARM.attributes
                0x00000000000000c8       0x32 /home/rui/Projects/6Lowpan-testbed/samr21-test/bin/samr21-xpro/cortexm_common.a(thread_arch.o)
 .ARM.attributes
                0x00000000000000fa       0x32 /home/rui/Projects/6Lowpan-testbed/samr21-test/bin/samr21-xpro/cortexm_common.a(irq_arch.o)
 .ARM.attributes
                0x000000000000012c       0x32 /home/rui/Projects/6Lowpan-testbed/samr21-test/bin/samr21-xpro/cortexm_common.a(vectors_cortexm.o)
 .ARM.attributes
                0x000000000000015e       0x32 /home/rui/Projects/6Lowpan-testbed/samr21-test/bin/samr21-xpro/uart_stdio.a(uart_stdio.o)
 .ARM.attributes
                0x0000000000000190       0x32 /home/rui/Projects/6Lowpan-testbed/samr21-test/bin/samr21-xpro/board.a(board.o)
 .ARM.attributes
                0x00000000000001c2       0x32 /home/rui/Projects/6Lowpan-testbed/samr21-test/bin/samr21-xpro/core.a(panic.o)
 .ARM.attributes
                0x00000000000001f4       0x32 /home/rui/Projects/6Lowpan-testbed/samr21-test/bin/samr21-xpro/core.a(mutex.o)
 .ARM.attributes
                0x0000000000000226       0x32 /home/rui/Projects/6Lowpan-testbed/samr21-test/bin/samr21-xpro/core.a(kernel_init.o)
 .ARM.attributes
                0x0000000000000258       0x32 /home/rui/Projects/6Lowpan-testbed/samr21-test/bin/samr21-xpro/core.a(thread.o)
 .ARM.attributes
                0x000000000000028a       0x32 /home/rui/Projects/6Lowpan-testbed/samr21-test/bin/samr21-xpro/cortexm_common.a(panic.o)
 .ARM.attributes
                0x00000000000002bc       0x32 /home/rui/Projects/6Lowpan-testbed/samr21-test/bin/samr21-xpro/cpu.a(cpu.o)
 .ARM.attributes
                0x00000000000002ee       0x32 /home/rui/Projects/6Lowpan-testbed/samr21-test/bin/samr21-xpro/cpu.a(lpm_arch.o)
 .ARM.attributes
                0x0000000000000320       0x32 /home/rui/Projects/6Lowpan-testbed/samr21-test/bin/samr21-xpro/periph.a(uart.o)
 .ARM.attributes
                0x0000000000000352       0x32 /home/rui/Projects/6Lowpan-testbed/samr21-test/bin/samr21-xpro/periph.a(gpio.o)
 .ARM.attributes
                0x0000000000000384       0x32 /home/rui/Projects/6Lowpan-testbed/samr21-test/bin/samr21-xpro/tsrb.a(tsrb.o)
 .ARM.attributes
                0x00000000000003b6       0x32 /home/rui/Projects/6Lowpan-testbed/samr21-test/bin/samr21-xpro/hello-world.a(main.o)
 .ARM.attributes
                0x00000000000003e8       0x32 /home/rui/Projects/6Lowpan-testbed/samr21-test/bin/samr21-xpro/auto_init.a(auto_init.o)
 .ARM.attributes
                0x000000000000041a       0x32 /home/rui/Projects/6Lowpan-testbed/samr21-test/bin/samr21-xpro/cortexm_common.a(cortexm_init.o)
 .ARM.attributes
                0x000000000000044c       0x1e /usr/bin/../lib/gcc/arm-none-eabi/5.4.1/armv6-m/libgcc.a(_udivsi3.o)
 .ARM.attributes
                0x000000000000046a       0x1e /usr/bin/../lib/gcc/arm-none-eabi/5.4.1/armv6-m/libgcc.a(_dvmd_tls.o)
 .ARM.attributes
                0x0000000000000488       0x2c /usr/bin/../lib/gcc/arm-none-eabi/5.4.1/../../../../arm-none-eabi/lib/armv6-m/libc_nano.a(lib_a-impure.o)
 .ARM.attributes
                0x00000000000004b4       0x2c /usr/bin/../lib/gcc/arm-none-eabi/5.4.1/../../../../arm-none-eabi/lib/armv6-m/libc_nano.a(lib_a-init.o)
 .ARM.attributes
                0x00000000000004e0       0x2c /usr/bin/../lib/gcc/arm-none-eabi/5.4.1/../../../../arm-none-eabi/lib/armv6-m/libc_nano.a(lib_a-printf.o)
 .ARM.attributes
                0x000000000000050c       0x2c /usr/bin/../lib/gcc/arm-none-eabi/5.4.1/../../../../arm-none-eabi/lib/armv6-m/libc_nano.a(lib_a-puts.o)
 .ARM.attributes
                0x0000000000000538       0x2c /usr/bin/../lib/gcc/arm-none-eabi/5.4.1/../../../../arm-none-eabi/lib/armv6-m/libc_nano.a(lib_a-wbuf.o)
 .ARM.attributes
                0x0000000000000564       0x2c /usr/bin/../lib/gcc/arm-none-eabi/5.4.1/../../../../arm-none-eabi/lib/armv6-m/libc_nano.a(lib_a-wsetup.o)
 .ARM.attributes
                0x0000000000000590       0x2c /usr/bin/../lib/gcc/arm-none-eabi/5.4.1/../../../../arm-none-eabi/lib/armv6-m/libc_nano.a(lib_a-fflush.o)
 .ARM.attributes
                0x00000000000005bc       0x2c /usr/bin/../lib/gcc/arm-none-eabi/5.4.1/../../../../arm-none-eabi/lib/armv6-m/libc_nano.a(lib_a-findfp.o)
 .ARM.attributes
                0x00000000000005e8       0x2c /usr/bin/../lib/gcc/arm-none-eabi/5.4.1/../../../../arm-none-eabi/lib/armv6-m/libc_nano.a(lib_a-fwalk.o)
 .ARM.attributes
                0x0000000000000614       0x2c /usr/bin/../lib/gcc/arm-none-eabi/5.4.1/../../../../arm-none-eabi/lib/armv6-m/libc_nano.a(lib_a-makebuf.o)
 .ARM.attributes
                0x0000000000000640       0x2c /usr/bin/../lib/gcc/arm-none-eabi/5.4.1/../../../../arm-none-eabi/lib/armv6-m/libc_nano.a(lib_a-memset.o)
 .ARM.attributes
                0x000000000000066c       0x2c /usr/bin/../lib/gcc/arm-none-eabi/5.4.1/../../../../arm-none-eabi/lib/armv6-m/libc_nano.a(lib_a-nano-freer.o)
 .ARM.attributes
                0x0000000000000698       0x2c /usr/bin/../lib/gcc/arm-none-eabi/5.4.1/../../../../arm-none-eabi/lib/armv6-m/libc_nano.a(lib_a-nano-mallocr.o)
 .ARM.attributes
                0x00000000000006c4       0x2c /usr/bin/../lib/gcc/arm-none-eabi/5.4.1/../../../../arm-none-eabi/lib/armv6-m/libc_nano.a(lib_a-nano-vfprintf.o)
 .ARM.attributes
                0x00000000000006f0       0x2c /usr/bin/../lib/gcc/arm-none-eabi/5.4.1/../../../../arm-none-eabi/lib/armv6-m/libc_nano.a(lib_a-nano-vfprintf_i.o)
 .ARM.attributes
                0x000000000000071c       0x2c /usr/bin/../lib/gcc/arm-none-eabi/5.4.1/../../../../arm-none-eabi/lib/armv6-m/libc_nano.a(lib_a-stdio.o)
 .ARM.attributes
                0x0000000000000748       0x2c /usr/bin/../lib/gcc/arm-none-eabi/5.4.1/../../../../arm-none-eabi/lib/armv6-m/libc_nano.a(lib_a-memchr-stub.o)
 .ARM.attributes
                0x0000000000000774       0x2c /usr/bin/../lib/gcc/arm-none-eabi/5.4.1/../../../../arm-none-eabi/lib/armv6-m/libc_nano.a(lib_a-mlock.o)

.debug_frame    0x0000000000000000      0xfb0
 .debug_frame   0x0000000000000000      0x154 /home/rui/Projects/6Lowpan-testbed/samr21-test/bin/samr21-xpro/newlib_syscalls_default/syscalls.o
 .debug_frame   0x0000000000000154       0x28 /home/rui/Projects/6Lowpan-testbed/samr21-test/bin/samr21-xpro/cpu/vectors.o
 .debug_frame   0x000000000000017c       0x7c /home/rui/Projects/6Lowpan-testbed/samr21-test/bin/samr21-xpro/core.a(sched.o)
 .debug_frame   0x00000000000001f8       0x40 /home/rui/Projects/6Lowpan-testbed/samr21-test/bin/samr21-xpro/core.a(bitarithm.o)
 .debug_frame   0x0000000000000238       0xbc /home/rui/Projects/6Lowpan-testbed/samr21-test/bin/samr21-xpro/cortexm_common.a(thread_arch.o)
 .debug_frame   0x00000000000002f4       0x50 /home/rui/Projects/6Lowpan-testbed/samr21-test/bin/samr21-xpro/cortexm_common.a(irq_arch.o)
 .debug_frame   0x0000000000000344       0xac /home/rui/Projects/6Lowpan-testbed/samr21-test/bin/samr21-xpro/cortexm_common.a(vectors_cortexm.o)
 .debug_frame   0x00000000000003f0       0x74 /home/rui/Projects/6Lowpan-testbed/samr21-test/bin/samr21-xpro/uart_stdio.a(uart_stdio.o)
 .debug_frame   0x0000000000000464       0x28 /home/rui/Projects/6Lowpan-testbed/samr21-test/bin/samr21-xpro/board.a(board.o)